2026-02-01 06:53:59,318 - INFO - Started logging to coaxial-pip-packager_20260201_065359.log
2026-02-01 06:53:59,318 - INFO - Writing logs to ***TOKEN***.log
2026-02-01 06:53:59,319 - INFO - Using specified project path: .
2026-02-01 06:53:59,319 - INFO - Changed working directory to: /Users/petter/Desktop/Egnacodinggrejer/terminalai/working-merge-pypi
2026-02-01 06:53:59,319 - INFO - Searching for current version...
2026-02-01 06:53:59,320 - INFO - Found version '0.4.1' in pyproject.toml
2026-02-01 06:53:59,320 - INFO - Using specified version: 0.4.2
2026-02-01 06:53:59,320 - INFO - 
Updating version from '0.4.1' to '0.4.2' in project files...
2026-02-01 06:53:59,320 - INFO - Prioritizing update in source file: pyproject.toml
2026-02-01 06:53:59,322 - WARNING - Updating pyproject.toml
2026-02-01 06:53:59,324 - WARNING - Updating terminalai/__init__.py
2026-02-01 06:53:59,324 - INFO - Updated version in 2 file(s):
2026-02-01 06:53:59,324 - INFO -   - pyproject.toml
2026-02-01 06:53:59,324 - INFO -   - terminalai/__init__.py
2026-02-01 06:53:59,325 - INFO - Saved run history to /Users/petter/.coaxial-pip-packager/history/last_run.json
2026-02-01 06:53:59,325 - INFO - 
Performing Git operations...
2026-02-01 06:53:59,325 - INFO - 
$ git rev-parse --is-inside-work-tree
2026-02-01 06:53:59,345 - INFO - 
$ git add pyproject.toml terminalai/__init__.py
2026-02-01 06:53:59,370 - INFO - Staged changes.
2026-02-01 06:53:59,370 - INFO - 
$ git commit -m Bump version: 0.4.1 -> 0.4.2
2026-02-01 06:53:59,411 - INFO - Created commit: 'Bump version: 0.4.1 -> 0.4.2'
2026-02-01 06:53:59,411 - INFO - 
$ git rev-parse --abbrev-ref HEAD
2026-02-01 06:53:59,431 - INFO - Current branch: main
2026-02-01 06:53:59,431 - INFO - 
$ git remote get-url origin
2026-02-01 06:53:59,451 - INFO - Original remote URL: https://github.com/coaxialdolor/coaxial-terminal-ai.git
2026-02-01 06:53:59,452 - WARNING - Temporarily setting remote URL with token...
2026-02-01 06:53:59,452 - INFO - 
$ git remote set-url origin https://***:***@github.com/...
2026-02-01 06:53:59,473 - INFO - Pushing to origin/main...
2026-02-01 06:53:59,473 - INFO - 
$ git push origin main
2026-02-01 06:54:00,416 - WARNING - stderr:
2026-02-01 06:54:00,416 - INFO - Push successful!
2026-02-01 06:54:00,416 - WARNING - Resetting remote URL...
2026-02-01 06:54:00,417 - INFO - 
$ git remote set-url origin https://github.com/coaxialdolor/coaxial-terminal-ai.git
2026-02-01 06:54:00,446 - INFO - 
Building package (sdist and wheel)...
2026-02-01 06:54:00,446 - WARNING - Cleaning up old build/dist directories...
2026-02-01 06:54:00,461 - INFO - 
$ /Users/petter/.pyenv/versions/3.12.5/bin/python3 -m build --sdist --wheel .
2026-02-01 06:54:00,591 - INFO - * Creating isolated environment: venv+pip...
2026-02-01 06:54:00,598 - INFO - * Installing packages in isolated environment:
2026-02-01 06:54:01,974 - INFO - - setuptools>=42
2026-02-01 06:54:01,974 - INFO - - wheel
2026-02-01 06:54:01,974 - INFO - * Getting build dependencies for sdist...
2026-02-01 06:54:02,387 - INFO - running egg_info
2026-02-01 06:54:02,388 - INFO - creating coaxial_terminal_ai.egg-info
2026-02-01 06:54:02,388 - INFO - writing coaxial_terminal_ai.egg-info/PKG-INFO
2026-02-01 06:54:02,389 - INFO - writing dependency_links to coaxial_terminal_ai.egg-info/dependency_links.txt
2026-02-01 06:54:02,389 - INFO - writing entry points to coaxial_terminal_ai.egg-info/entry_points.txt
2026-02-01 06:54:02,389 - INFO - writing requirements to coaxial_terminal_ai.egg-info/requires.txt
2026-02-01 06:54:02,389 - INFO - writing top-level names to coaxial_terminal_ai.egg-info/top_level.txt
2026-02-01 06:54:02,389 - INFO - writing manifest file 'coaxial_terminal_ai.egg-info/SOURCES.txt'
2026-02-01 06:54:02,393 - INFO - reading manifest file 'coaxial_terminal_ai.egg-info/SOURCES.txt'
2026-02-01 06:54:02,393 - INFO - adding license file 'LICENSE'
2026-02-01 06:54:02,394 - INFO - writing manifest file 'coaxial_terminal_ai.egg-info/SOURCES.txt'
2026-02-01 06:54:02,414 - INFO - * Building sdist...
2026-02-01 06:54:02,568 - INFO - running sdist
2026-02-01 06:54:02,569 - INFO - running egg_info
2026-02-01 06:54:02,571 - INFO - writing coaxial_terminal_ai.egg-info/PKG-INFO
2026-02-01 06:54:02,572 - INFO - writing dependency_links to coaxial_terminal_ai.egg-info/dependency_links.txt
2026-02-01 06:54:02,572 - INFO - writing entry points to coaxial_terminal_ai.egg-info/entry_points.txt
2026-02-01 06:54:02,572 - INFO - writing requirements to coaxial_terminal_ai.egg-info/requires.txt
2026-02-01 06:54:02,572 - INFO - writing top-level names to coaxial_terminal_ai.egg-info/top_level.txt
2026-02-01 06:54:02,576 - INFO - reading manifest file 'coaxial_terminal_ai.egg-info/SOURCES.txt'
2026-02-01 06:54:02,576 - INFO - adding license file 'LICENSE'
2026-02-01 06:54:02,577 - INFO - writing manifest file 'coaxial_terminal_ai.egg-info/SOURCES.txt'
2026-02-01 06:54:02,577 - INFO - running check
2026-02-01 06:54:02,579 - INFO - creating coaxial_terminal_ai-0.4.2
2026-02-01 06:54:02,580 - INFO - creating coaxial_terminal_ai-0.4.2/coaxial_terminal_ai.egg-info
2026-02-01 06:54:02,580 - INFO - creating coaxial_terminal_ai-0.4.2/terminalai
2026-02-01 06:54:02,580 - INFO - creating coaxial_terminal_ai-0.4.2/tests
2026-02-01 06:54:02,580 - INFO - copying files to coaxial_terminal_ai-0.4.2...
2026-02-01 06:54:02,580 - INFO - copying LICENSE -> coaxial_terminal_ai-0.4.2
2026-02-01 06:54:02,581 - INFO - copying README.md -> coaxial_terminal_ai-0.4.2
2026-02-01 06:54:02,582 - INFO - copying pyproject.toml -> coaxial_terminal_ai-0.4.2
2026-02-01 06:54:02,582 - INFO - copying setup.cfg -> coaxial_terminal_ai-0.4.2
2026-02-01 06:54:02,582 - INFO - copying setup.py -> coaxial_terminal_ai-0.4.2
2026-02-01 06:54:02,582 - INFO - copying coaxial_terminal_ai.egg-info/PKG-INFO -> coaxial_terminal_ai-0.4.2/coaxial_terminal_ai.egg-info
2026-02-01 06:54:02,583 - INFO - copying coaxial_terminal_ai.egg-info/SOURCES.txt -> coaxial_terminal_ai-0.4.2/coaxial_terminal_ai.egg-info
2026-02-01 06:54:02,583 - INFO - copying coaxial_terminal_ai.egg-info/dependency_links.txt -> coaxial_terminal_ai-0.4.2/coaxial_terminal_ai.egg-info
2026-02-01 06:54:02,583 - INFO - copying coaxial_terminal_ai.egg-info/entry_points.txt -> coaxial_terminal_ai-0.4.2/coaxial_terminal_ai.egg-info
2026-02-01 06:54:02,583 - INFO - copying coaxial_terminal_ai.egg-info/requires.txt -> coaxial_terminal_ai-0.4.2/coaxial_terminal_ai.egg-info
2026-02-01 06:54:02,583 - INFO - copying coaxial_terminal_ai.egg-info/top_level.txt -> coaxial_terminal_ai-0.4.2/coaxial_terminal_ai.egg-info
2026-02-01 06:54:02,584 - INFO - copying terminalai/__init__.py -> coaxial_terminal_ai-0.4.2/terminalai
2026-02-01 06:54:02,584 - INFO - copying terminalai/ai_providers.py -> coaxial_terminal_ai-0.4.2/terminalai
2026-02-01 06:54:02,584 - INFO - copying terminalai/ai_test_command_extraction.py -> coaxial_terminal_ai-0.4.2/terminalai
2026-02-01 06:54:02,584 - INFO - copying terminalai/cli_interaction.py -> coaxial_terminal_ai-0.4.2/terminalai
2026-02-01 06:54:02,584 - INFO - copying terminalai/clipboard_utils.py -> coaxial_terminal_ai-0.4.2/terminalai
2026-02-01 06:54:02,585 - INFO - copying terminalai/color_utils.py -> coaxial_terminal_ai-0.4.2/terminalai
2026-02-01 06:54:02,585 - INFO - copying terminalai/command_extraction.py -> coaxial_terminal_ai-0.4.2/terminalai
2026-02-01 06:54:02,585 - INFO - copying terminalai/command_utils.py -> coaxial_terminal_ai-0.4.2/terminalai
2026-02-01 06:54:02,585 - INFO - copying terminalai/config.py -> coaxial_terminal_ai-0.4.2/terminalai
2026-02-01 06:54:02,586 - INFO - copying terminalai/file_reader.py -> coaxial_terminal_ai-0.4.2/terminalai
2026-02-01 06:54:02,586 - INFO - copying terminalai/formatting.py -> coaxial_terminal_ai-0.4.2/terminalai
2026-02-01 06:54:02,586 - INFO - copying terminalai/shell_integration.py -> coaxial_terminal_ai-0.4.2/terminalai
2026-02-01 06:54:02,586 - INFO - copying terminalai/terminalai_cli.py -> coaxial_terminal_ai-0.4.2/terminalai
2026-02-01 06:54:02,586 - INFO - copying terminalai/test_command_extraction.py -> coaxial_terminal_ai-0.4.2/terminalai
2026-02-01 06:54:02,587 - INFO - copying tests/test_command_extraction.py -> coaxial_terminal_ai-0.4.2/tests
2026-02-01 06:54:02,587 - INFO - copying coaxial_terminal_ai.egg-info/SOURCES.txt -> coaxial_terminal_ai-0.4.2/coaxial_terminal_ai.egg-info
2026-02-01 06:54:02,589 - INFO - Writing coaxial_terminal_ai-0.4.2/setup.cfg
2026-02-01 06:54:02,589 - INFO - Creating tar archive
2026-02-01 06:54:02,616 - INFO - removing 'coaxial_terminal_ai-0.4.2' (and everything under it)
2026-02-01 06:54:02,736 - INFO - * Creating isolated environment: venv+pip...
2026-02-01 06:54:02,742 - INFO - * Installing packages in isolated environment:
2026-02-01 06:54:03,943 - INFO - - setuptools>=42
2026-02-01 06:54:03,944 - INFO - - wheel
2026-02-01 06:54:03,944 - INFO - * Getting build dependencies for wheel...
2026-02-01 06:54:04,571 - INFO - running egg_info
2026-02-01 06:54:04,572 - INFO - writing coaxial_terminal_ai.egg-info/PKG-INFO
2026-02-01 06:54:04,573 - INFO - writing dependency_links to coaxial_terminal_ai.egg-info/dependency_links.txt
2026-02-01 06:54:04,573 - INFO - writing entry points to coaxial_terminal_ai.egg-info/entry_points.txt
2026-02-01 06:54:04,573 - INFO - writing requirements to coaxial_terminal_ai.egg-info/requires.txt
2026-02-01 06:54:04,574 - INFO - writing top-level names to coaxial_terminal_ai.egg-info/top_level.txt
2026-02-01 06:54:04,577 - INFO - reading manifest file 'coaxial_terminal_ai.egg-info/SOURCES.txt'
2026-02-01 06:54:04,578 - INFO - adding license file 'LICENSE'
2026-02-01 06:54:04,579 - INFO - writing manifest file 'coaxial_terminal_ai.egg-info/SOURCES.txt'
2026-02-01 06:54:04,605 - INFO - * Building wheel...
2026-02-01 06:54:04,765 - INFO - running bdist_wheel
2026-02-01 06:54:04,769 - INFO - running build
2026-02-01 06:54:04,770 - INFO - running build_py
2026-02-01 06:54:04,772 - INFO - creating build/lib/terminalai
2026-02-01 06:54:04,772 - INFO - copying terminalai/config.py -> build/lib/terminalai
2026-02-01 06:54:04,772 - INFO - copying terminalai/test_command_extraction.py -> build/lib/terminalai
2026-02-01 06:54:04,773 - INFO - copying terminalai/file_reader.py -> build/lib/terminalai
2026-02-01 06:54:04,773 - INFO - copying terminalai/__init__.py -> build/lib/terminalai
2026-02-01 06:54:04,773 - INFO - copying terminalai/command_utils.py -> build/lib/terminalai
2026-02-01 06:54:04,774 - INFO - copying terminalai/formatting.py -> build/lib/terminalai
2026-02-01 06:54:04,774 - INFO - copying terminalai/clipboard_utils.py -> build/lib/terminalai
2026-02-01 06:54:04,774 - INFO - copying terminalai/cli_interaction.py -> build/lib/terminalai
2026-02-01 06:54:04,774 - INFO - copying terminalai/ai_test_command_extraction.py -> build/lib/terminalai
2026-02-01 06:54:04,775 - INFO - copying terminalai/color_utils.py -> build/lib/terminalai
2026-02-01 06:54:04,775 - INFO - copying terminalai/ai_providers.py -> build/lib/terminalai
2026-02-01 06:54:04,775 - INFO - copying terminalai/command_extraction.py -> build/lib/terminalai
2026-02-01 06:54:04,775 - INFO - copying terminalai/shell_integration.py -> build/lib/terminalai
2026-02-01 06:54:04,776 - INFO - copying terminalai/terminalai_cli.py -> build/lib/terminalai
2026-02-01 06:54:04,776 - INFO - running egg_info
2026-02-01 06:54:04,777 - INFO - writing coaxial_terminal_ai.egg-info/PKG-INFO
2026-02-01 06:54:04,778 - INFO - writing dependency_links to coaxial_terminal_ai.egg-info/dependency_links.txt
2026-02-01 06:54:04,778 - INFO - writing entry points to coaxial_terminal_ai.egg-info/entry_points.txt
2026-02-01 06:54:04,778 - INFO - writing requirements to coaxial_terminal_ai.egg-info/requires.txt
2026-02-01 06:54:04,778 - INFO - writing top-level names to coaxial_terminal_ai.egg-info/top_level.txt
2026-02-01 06:54:04,781 - INFO - reading manifest file 'coaxial_terminal_ai.egg-info/SOURCES.txt'
2026-02-01 06:54:04,781 - INFO - adding license file 'LICENSE'
2026-02-01 06:54:04,782 - INFO - writing manifest file 'coaxial_terminal_ai.egg-info/SOURCES.txt'
2026-02-01 06:54:04,785 - INFO - installing to build/bdist.macosx-26.2-arm64/wheel
2026-02-01 06:54:04,785 - INFO - running install
2026-02-01 06:54:04,790 - INFO - running install_lib
2026-02-01 06:54:04,792 - INFO - creating build/bdist.macosx-26.2-arm64/wheel
2026-02-01 06:54:04,792 - INFO - creating build/bdist.macosx-26.2-arm64/wheel/terminalai
2026-02-01 06:54:04,792 - INFO - copying build/lib/terminalai/config.py -> build/bdist.macosx-26.2-arm64/wheel/./terminalai
2026-02-01 06:54:04,792 - INFO - copying build/lib/terminalai/test_command_extraction.py -> build/bdist.macosx-26.2-arm64/wheel/./terminalai
2026-02-01 06:54:04,793 - INFO - copying build/lib/terminalai/file_reader.py -> build/bdist.macosx-26.2-arm64/wheel/./terminalai
2026-02-01 06:54:04,793 - INFO - copying build/lib/terminalai/__init__.py -> build/bdist.macosx-26.2-arm64/wheel/./terminalai
2026-02-01 06:54:04,793 - INFO - copying build/lib/terminalai/command_utils.py -> build/bdist.macosx-26.2-arm64/wheel/./terminalai
2026-02-01 06:54:04,793 - INFO - copying build/lib/terminalai/formatting.py -> build/bdist.macosx-26.2-arm64/wheel/./terminalai
2026-02-01 06:54:04,793 - INFO - copying build/lib/terminalai/clipboard_utils.py -> build/bdist.macosx-26.2-arm64/wheel/./terminalai
2026-02-01 06:54:04,794 - INFO - copying build/lib/terminalai/cli_interaction.py -> build/bdist.macosx-26.2-arm64/wheel/./terminalai
2026-02-01 06:54:04,794 - INFO - copying build/lib/terminalai/ai_test_command_extraction.py -> build/bdist.macosx-26.2-arm64/wheel/./terminalai
2026-02-01 06:54:04,794 - INFO - copying build/lib/terminalai/color_utils.py -> build/bdist.macosx-26.2-arm64/wheel/./terminalai
2026-02-01 06:54:04,794 - INFO - copying build/lib/terminalai/ai_providers.py -> build/bdist.macosx-26.2-arm64/wheel/./terminalai
2026-02-01 06:54:04,794 - INFO - copying build/lib/terminalai/command_extraction.py -> build/bdist.macosx-26.2-arm64/wheel/./terminalai
2026-02-01 06:54:04,795 - INFO - copying build/lib/terminalai/shell_integration.py -> build/bdist.macosx-26.2-arm64/wheel/./terminalai
2026-02-01 06:54:04,795 - INFO - copying build/lib/terminalai/terminalai_cli.py -> build/bdist.macosx-26.2-arm64/wheel/./terminalai
2026-02-01 06:54:04,795 - INFO - running install_egg_info
2026-02-01 06:54:04,797 - INFO - Copying coaxial_terminal_ai.egg-info to build/bdist.macosx-26.2-arm64/wheel/./coaxial_terminal_ai-0.4.2-py3.12.egg-info
2026-02-01 06:54:04,799 - INFO - running install_scripts
2026-02-01 06:54:04,801 - INFO - creating build/bdist.macosx-26.2-arm64/wheel/coaxial_terminal_ai-0.4.2.dist-info/WHEEL
2026-02-01 06:54:04,801 - INFO - creating '/Users/petter/Desktop/Egnacodinggrejer/terminalai/working-merge-pypi/dist/.tmp-8bou6me5/coaxial_terminal_ai-0.4.2-py3-none-any.whl' and adding 'build/bdist.macosx-26.2-arm64/wheel' to it
2026-02-01 06:54:04,802 - INFO - adding 'coaxial_terminal_ai-0.4.2.dist-info/licenses/LICENSE'
2026-02-01 06:54:04,803 - INFO - adding 'terminalai/__init__.py'
2026-02-01 06:54:04,803 - INFO - adding 'terminalai/ai_providers.py'
2026-02-01 06:54:04,804 - INFO - adding 'terminalai/ai_test_command_extraction.py'
2026-02-01 06:54:04,806 - INFO - adding 'terminalai/cli_interaction.py'
2026-02-01 06:54:04,806 - INFO - adding 'terminalai/clipboard_utils.py'
2026-02-01 06:54:04,806 - INFO - adding 'terminalai/color_utils.py'
2026-02-01 06:54:04,806 - INFO - adding 'terminalai/command_extraction.py'
2026-02-01 06:54:04,807 - INFO - adding 'terminalai/command_utils.py'
2026-02-01 06:54:04,807 - INFO - adding 'terminalai/config.py'
2026-02-01 06:54:04,807 - INFO - adding 'terminalai/file_reader.py'
2026-02-01 06:54:04,807 - INFO - adding 'terminalai/formatting.py'
2026-02-01 06:54:04,808 - INFO - adding 'terminalai/shell_integration.py'
2026-02-01 06:54:04,809 - INFO - adding 'terminalai/terminalai_cli.py'
2026-02-01 06:54:04,809 - INFO - adding 'terminalai/test_command_extraction.py'
2026-02-01 06:54:04,809 - INFO - adding 'coaxial_terminal_ai-0.4.2.dist-info/METADATA'
2026-02-01 06:54:04,810 - INFO - adding 'coaxial_terminal_ai-0.4.2.dist-info/WHEEL'
2026-02-01 06:54:04,810 - INFO - adding 'coaxial_terminal_ai-0.4.2.dist-info/entry_points.txt'
2026-02-01 06:54:04,810 - INFO - adding 'coaxial_terminal_ai-0.4.2.dist-info/top_level.txt'
2026-02-01 06:54:04,810 - INFO - adding 'coaxial_terminal_ai-0.4.2.dist-info/RECORD'
2026-02-01 06:54:04,810 - INFO - removing build/bdist.macosx-26.2-arm64/wheel
2026-02-01 06:54:04,893 - INFO - Successfully built coaxial_terminal_ai-0.4.2.tar.gz and coaxial_terminal_ai-0.4.2-py3-none-any.whl
2026-02-01 06:54:04,962 - INFO - Package built successfully in the 'dist/' directory.
2026-02-01 06:54:04,962 - INFO - 
Publishing package to PyPI...
2026-02-01 06:54:15,047 - WARNING - Publishing cancelled by user.
2026-02-01 06:54:15,048 - ERROR - Package publishing failed.
2026-02-01 06:54:15,048 - WARNING - 
Exiting with status 1
2026-02-01 06:54:15,048 - INFO - Exiting with status code 1
2026-02-01 06:54:15,048 - INFO - Script execution completed
2026-02-01 06:54:15,049 - INFO - Log file has been written to logs/***TOKEN***.log
