2026-02-01 06:45:09,238 - INFO - Started logging to coaxial-pip-packager_20260201_064509.log
2026-02-01 06:45:09,239 - INFO - Writing logs to ***TOKEN***.log
2026-02-01 06:45:09,240 - INFO - Using specified project path: .
2026-02-01 06:45:09,240 - INFO - Changed working directory to: /Users/petter/Desktop/Egnacodinggrejer/terminalai/working-merge-pypi
2026-02-01 06:45:09,240 - INFO - Searching for current version...
2026-02-01 06:45:09,241 - INFO - Found version '0.4.0' in pyproject.toml
2026-02-01 06:45:09,241 - INFO - Using specified version: 0.4.0
2026-02-01 06:45:09,241 - WARNING - New version is the same as the current version. Nothing to update in files.
2026-02-01 06:45:30,659 - INFO - 
Performing Git operations...
2026-02-01 06:45:30,660 - INFO - 
$ git rev-parse --is-inside-work-tree
2026-02-01 06:45:30,693 - WARNING - No version files were updated. Checking for other git changes...
2026-02-01 06:45:30,693 - INFO - 
$ git status --porcelain
2026-02-01 06:45:30,715 - INFO - 
$ git add .
2026-02-01 06:45:30,740 - INFO - Staged changes.
2026-02-01 06:45:30,740 - INFO - 
$ git commit -m Bump version: 0.4.0 -> 0.4.0
2026-02-01 06:45:30,777 - INFO - Created commit: 'Bump version: 0.4.0 -> 0.4.0'
2026-02-01 06:45:30,777 - INFO - 
$ git rev-parse --abbrev-ref HEAD
2026-02-01 06:45:30,795 - INFO - Current branch: main
2026-02-01 06:45:30,796 - INFO - 
$ git remote get-url origin
2026-02-01 06:45:30,815 - INFO - Original remote URL: https://github.com/coaxialdolor/coaxial-terminal-ai.git
2026-02-01 06:45:30,815 - WARNING - Temporarily setting remote URL with token...
2026-02-01 06:45:30,815 - INFO - 
$ git remote set-url origin https://***:***@github.com/...
2026-02-01 06:45:30,835 - INFO - Pushing to origin/main...
2026-02-01 06:45:30,835 - INFO - 
$ git push origin main
2026-02-01 06:45:31,711 - WARNING - stderr:
2026-02-01 06:45:31,711 - INFO - Push successful!
2026-02-01 06:45:31,711 - WARNING - Resetting remote URL...
2026-02-01 06:45:31,711 - INFO - 
$ git remote set-url origin https://github.com/coaxialdolor/coaxial-terminal-ai.git
2026-02-01 06:45:31,732 - INFO - 
Building package (sdist and wheel)...
2026-02-01 06:45:31,732 - WARNING - Cleaning up old build/dist directories...
2026-02-01 06:45:31,734 - INFO - 
$ /Users/petter/.pyenv/versions/3.12.5/bin/python3 -m build --sdist --wheel .
2026-02-01 06:45:31,824 - INFO - * Creating isolated environment: venv+pip...
2026-02-01 06:45:31,830 - INFO - * Installing packages in isolated environment:
2026-02-01 06:45:32,907 - INFO - - setuptools>=42
2026-02-01 06:45:32,907 - INFO - - wheel
2026-02-01 06:45:32,907 - INFO - * Getting build dependencies for sdist...
2026-02-01 06:45:33,333 - INFO - running egg_info
2026-02-01 06:45:33,334 - INFO - creating coaxial_terminal_ai.egg-info
2026-02-01 06:45:33,335 - INFO - writing coaxial_terminal_ai.egg-info/PKG-INFO
2026-02-01 06:45:33,335 - INFO - writing dependency_links to coaxial_terminal_ai.egg-info/dependency_links.txt
2026-02-01 06:45:33,336 - INFO - writing entry points to coaxial_terminal_ai.egg-info/entry_points.txt
2026-02-01 06:45:33,336 - INFO - writing requirements to coaxial_terminal_ai.egg-info/requires.txt
2026-02-01 06:45:33,336 - INFO - writing top-level names to coaxial_terminal_ai.egg-info/top_level.txt
2026-02-01 06:45:33,336 - INFO - writing manifest file 'coaxial_terminal_ai.egg-info/SOURCES.txt'
2026-02-01 06:45:33,340 - INFO - reading manifest file 'coaxial_terminal_ai.egg-info/SOURCES.txt'
2026-02-01 06:45:33,340 - INFO - adding license file 'LICENSE'
2026-02-01 06:45:33,340 - INFO - writing manifest file 'coaxial_terminal_ai.egg-info/SOURCES.txt'
2026-02-01 06:45:33,361 - INFO - * Building sdist...
2026-02-01 06:45:33,513 - INFO - running sdist
2026-02-01 06:45:33,513 - INFO - running egg_info
2026-02-01 06:45:33,516 - INFO - writing coaxial_terminal_ai.egg-info/PKG-INFO
2026-02-01 06:45:33,516 - INFO - writing dependency_links to coaxial_terminal_ai.egg-info/dependency_links.txt
2026-02-01 06:45:33,516 - INFO - writing entry points to coaxial_terminal_ai.egg-info/entry_points.txt
2026-02-01 06:45:33,517 - INFO - writing requirements to coaxial_terminal_ai.egg-info/requires.txt
2026-02-01 06:45:33,517 - INFO - writing top-level names to coaxial_terminal_ai.egg-info/top_level.txt
2026-02-01 06:45:33,521 - INFO - reading manifest file 'coaxial_terminal_ai.egg-info/SOURCES.txt'
2026-02-01 06:45:33,521 - INFO - adding license file 'LICENSE'
2026-02-01 06:45:33,522 - INFO - writing manifest file 'coaxial_terminal_ai.egg-info/SOURCES.txt'
2026-02-01 06:45:33,522 - INFO - running check
2026-02-01 06:45:33,524 - INFO - creating coaxial_terminal_ai-0.4.0
2026-02-01 06:45:33,525 - INFO - creating coaxial_terminal_ai-0.4.0/coaxial_terminal_ai.egg-info
2026-02-01 06:45:33,525 - INFO - creating coaxial_terminal_ai-0.4.0/terminalai
2026-02-01 06:45:33,525 - INFO - creating coaxial_terminal_ai-0.4.0/tests
2026-02-01 06:45:33,525 - INFO - copying files to coaxial_terminal_ai-0.4.0...
2026-02-01 06:45:33,525 - INFO - copying LICENSE -> coaxial_terminal_ai-0.4.0
2026-02-01 06:45:33,526 - INFO - copying README.md -> coaxial_terminal_ai-0.4.0
2026-02-01 06:45:33,526 - INFO - copying pyproject.toml -> coaxial_terminal_ai-0.4.0
2026-02-01 06:45:33,526 - INFO - copying setup.cfg -> coaxial_terminal_ai-0.4.0
2026-02-01 06:45:33,527 - INFO - copying setup.py -> coaxial_terminal_ai-0.4.0
2026-02-01 06:45:33,527 - INFO - copying coaxial_terminal_ai.egg-info/PKG-INFO -> coaxial_terminal_ai-0.4.0/coaxial_terminal_ai.egg-info
2026-02-01 06:45:33,527 - INFO - copying coaxial_terminal_ai.egg-info/SOURCES.txt -> coaxial_terminal_ai-0.4.0/coaxial_terminal_ai.egg-info
2026-02-01 06:45:33,527 - INFO - copying coaxial_terminal_ai.egg-info/dependency_links.txt -> coaxial_terminal_ai-0.4.0/coaxial_terminal_ai.egg-info
2026-02-01 06:45:33,527 - INFO - copying coaxial_terminal_ai.egg-info/entry_points.txt -> coaxial_terminal_ai-0.4.0/coaxial_terminal_ai.egg-info
2026-02-01 06:45:33,528 - INFO - copying coaxial_terminal_ai.egg-info/requires.txt -> coaxial_terminal_ai-0.4.0/coaxial_terminal_ai.egg-info
2026-02-01 06:45:33,528 - INFO - copying coaxial_terminal_ai.egg-info/top_level.txt -> coaxial_terminal_ai-0.4.0/coaxial_terminal_ai.egg-info
2026-02-01 06:45:33,528 - INFO - copying terminalai/__init__.py -> coaxial_terminal_ai-0.4.0/terminalai
2026-02-01 06:45:33,528 - INFO - copying terminalai/ai_providers.py -> coaxial_terminal_ai-0.4.0/terminalai
2026-02-01 06:45:33,528 - INFO - copying terminalai/ai_test_command_extraction.py -> coaxial_terminal_ai-0.4.0/terminalai
2026-02-01 06:45:33,529 - INFO - copying terminalai/cli_interaction.py -> coaxial_terminal_ai-0.4.0/terminalai
2026-02-01 06:45:33,529 - INFO - copying terminalai/clipboard_utils.py -> coaxial_terminal_ai-0.4.0/terminalai
2026-02-01 06:45:33,529 - INFO - copying terminalai/color_utils.py -> coaxial_terminal_ai-0.4.0/terminalai
2026-02-01 06:45:33,529 - INFO - copying terminalai/command_extraction.py -> coaxial_terminal_ai-0.4.0/terminalai
2026-02-01 06:45:33,529 - INFO - copying terminalai/command_utils.py -> coaxial_terminal_ai-0.4.0/terminalai
2026-02-01 06:45:33,530 - INFO - copying terminalai/config.py -> coaxial_terminal_ai-0.4.0/terminalai
2026-02-01 06:45:33,530 - INFO - copying terminalai/file_reader.py -> coaxial_terminal_ai-0.4.0/terminalai
2026-02-01 06:45:33,530 - INFO - copying terminalai/formatting.py -> coaxial_terminal_ai-0.4.0/terminalai
2026-02-01 06:45:33,530 - INFO - copying terminalai/shell_integration.py -> coaxial_terminal_ai-0.4.0/terminalai
2026-02-01 06:45:33,530 - INFO - copying terminalai/terminalai_cli.py -> coaxial_terminal_ai-0.4.0/terminalai
2026-02-01 06:45:33,531 - INFO - copying terminalai/test_command_extraction.py -> coaxial_terminal_ai-0.4.0/terminalai
2026-02-01 06:45:33,531 - INFO - copying tests/test_command_extraction.py -> coaxial_terminal_ai-0.4.0/tests
2026-02-01 06:45:33,531 - INFO - copying coaxial_terminal_ai.egg-info/SOURCES.txt -> coaxial_terminal_ai-0.4.0/coaxial_terminal_ai.egg-info
2026-02-01 06:45:33,532 - INFO - Writing coaxial_terminal_ai-0.4.0/setup.cfg
2026-02-01 06:45:33,533 - INFO - Creating tar archive
2026-02-01 06:45:33,559 - INFO - removing 'coaxial_terminal_ai-0.4.0' (and everything under it)
2026-02-01 06:45:33,633 - INFO - * Creating isolated environment: venv+pip...
2026-02-01 06:45:33,636 - INFO - * Installing packages in isolated environment:
2026-02-01 06:45:34,503 - INFO - - setuptools>=42
2026-02-01 06:45:34,503 - INFO - - wheel
2026-02-01 06:45:34,503 - INFO - * Getting build dependencies for wheel...
2026-02-01 06:45:34,892 - INFO - running egg_info
2026-02-01 06:45:34,893 - INFO - writing coaxial_terminal_ai.egg-info/PKG-INFO
2026-02-01 06:45:34,894 - INFO - writing dependency_links to coaxial_terminal_ai.egg-info/dependency_links.txt
2026-02-01 06:45:34,894 - INFO - writing entry points to coaxial_terminal_ai.egg-info/entry_points.txt
2026-02-01 06:45:34,894 - INFO - writing requirements to coaxial_terminal_ai.egg-info/requires.txt
2026-02-01 06:45:34,894 - INFO - writing top-level names to coaxial_terminal_ai.egg-info/top_level.txt
2026-02-01 06:45:34,899 - INFO - reading manifest file 'coaxial_terminal_ai.egg-info/SOURCES.txt'
2026-02-01 06:45:34,899 - INFO - adding license file 'LICENSE'
2026-02-01 06:45:34,900 - INFO - writing manifest file 'coaxial_terminal_ai.egg-info/SOURCES.txt'
2026-02-01 06:45:34,919 - INFO - * Building wheel...
2026-02-01 06:45:35,070 - INFO - running bdist_wheel
2026-02-01 06:45:35,074 - INFO - running build
2026-02-01 06:45:35,074 - INFO - running build_py
2026-02-01 06:45:35,076 - INFO - creating build/lib/terminalai
2026-02-01 06:45:35,076 - INFO - copying terminalai/config.py -> build/lib/terminalai
2026-02-01 06:45:35,076 - INFO - copying terminalai/test_command_extraction.py -> build/lib/terminalai
2026-02-01 06:45:35,077 - INFO - copying terminalai/file_reader.py -> build/lib/terminalai
2026-02-01 06:45:35,077 - INFO - copying terminalai/__init__.py -> build/lib/terminalai
2026-02-01 06:45:35,077 - INFO - copying terminalai/command_utils.py -> build/lib/terminalai
2026-02-01 06:45:35,077 - INFO - copying terminalai/formatting.py -> build/lib/terminalai
2026-02-01 06:45:35,078 - INFO - copying terminalai/clipboard_utils.py -> build/lib/terminalai
2026-02-01 06:45:35,078 - INFO - copying terminalai/cli_interaction.py -> build/lib/terminalai
2026-02-01 06:45:35,078 - INFO - copying terminalai/ai_test_command_extraction.py -> build/lib/terminalai
2026-02-01 06:45:35,078 - INFO - copying terminalai/color_utils.py -> build/lib/terminalai
2026-02-01 06:45:35,079 - INFO - copying terminalai/ai_providers.py -> build/lib/terminalai
2026-02-01 06:45:35,079 - INFO - copying terminalai/command_extraction.py -> build/lib/terminalai
2026-02-01 06:45:35,079 - INFO - copying terminalai/shell_integration.py -> build/lib/terminalai
2026-02-01 06:45:35,079 - INFO - copying terminalai/terminalai_cli.py -> build/lib/terminalai
2026-02-01 06:45:35,079 - INFO - running egg_info
2026-02-01 06:45:35,081 - INFO - writing coaxial_terminal_ai.egg-info/PKG-INFO
2026-02-01 06:45:35,081 - INFO - writing dependency_links to coaxial_terminal_ai.egg-info/dependency_links.txt
2026-02-01 06:45:35,081 - INFO - writing entry points to coaxial_terminal_ai.egg-info/entry_points.txt
2026-02-01 06:45:35,082 - INFO - writing requirements to coaxial_terminal_ai.egg-info/requires.txt
2026-02-01 06:45:35,082 - INFO - writing top-level names to coaxial_terminal_ai.egg-info/top_level.txt
2026-02-01 06:45:35,084 - INFO - reading manifest file 'coaxial_terminal_ai.egg-info/SOURCES.txt'
2026-02-01 06:45:35,084 - INFO - adding license file 'LICENSE'
2026-02-01 06:45:35,085 - INFO - writing manifest file 'coaxial_terminal_ai.egg-info/SOURCES.txt'
2026-02-01 06:45:35,087 - INFO - installing to build/bdist.macosx-26.2-arm64/wheel
2026-02-01 06:45:35,087 - INFO - running install
2026-02-01 06:45:35,092 - INFO - running install_lib
2026-02-01 06:45:35,093 - INFO - creating build/bdist.macosx-26.2-arm64/wheel
2026-02-01 06:45:35,093 - INFO - creating build/bdist.macosx-26.2-arm64/wheel/terminalai
2026-02-01 06:45:35,093 - INFO - copying build/lib/terminalai/config.py -> build/bdist.macosx-26.2-arm64/wheel/./terminalai
2026-02-01 06:45:35,094 - INFO - copying build/lib/terminalai/test_command_extraction.py -> build/bdist.macosx-26.2-arm64/wheel/./terminalai
2026-02-01 06:45:35,094 - INFO - copying build/lib/terminalai/file_reader.py -> build/bdist.macosx-26.2-arm64/wheel/./terminalai
2026-02-01 06:45:35,094 - INFO - copying build/lib/terminalai/__init__.py -> build/bdist.macosx-26.2-arm64/wheel/./terminalai
2026-02-01 06:45:35,094 - INFO - copying build/lib/terminalai/command_utils.py -> build/bdist.macosx-26.2-arm64/wheel/./terminalai
2026-02-01 06:45:35,095 - INFO - copying build/lib/terminalai/formatting.py -> build/bdist.macosx-26.2-arm64/wheel/./terminalai
2026-02-01 06:45:35,095 - INFO - copying build/lib/terminalai/clipboard_utils.py -> build/bdist.macosx-26.2-arm64/wheel/./terminalai
2026-02-01 06:45:35,095 - INFO - copying build/lib/terminalai/cli_interaction.py -> build/bdist.macosx-26.2-arm64/wheel/./terminalai
2026-02-01 06:45:35,095 - INFO - copying build/lib/terminalai/ai_test_command_extraction.py -> build/bdist.macosx-26.2-arm64/wheel/./terminalai
2026-02-01 06:45:35,095 - INFO - copying build/lib/terminalai/color_utils.py -> build/bdist.macosx-26.2-arm64/wheel/./terminalai
2026-02-01 06:45:35,096 - INFO - copying build/lib/terminalai/ai_providers.py -> build/bdist.macosx-26.2-arm64/wheel/./terminalai
2026-02-01 06:45:35,096 - INFO - copying build/lib/terminalai/command_extraction.py -> build/bdist.macosx-26.2-arm64/wheel/./terminalai
2026-02-01 06:45:35,096 - INFO - copying build/lib/terminalai/shell_integration.py -> build/bdist.macosx-26.2-arm64/wheel/./terminalai
2026-02-01 06:45:35,096 - INFO - copying build/lib/terminalai/terminalai_cli.py -> build/bdist.macosx-26.2-arm64/wheel/./terminalai
2026-02-01 06:45:35,096 - INFO - running install_egg_info
2026-02-01 06:45:35,097 - INFO - Copying coaxial_terminal_ai.egg-info to build/bdist.macosx-26.2-arm64/wheel/./coaxial_terminal_ai-0.4.0-py3.12.egg-info
2026-02-01 06:45:35,099 - INFO - running install_scripts
2026-02-01 06:45:35,101 - INFO - creating build/bdist.macosx-26.2-arm64/wheel/coaxial_terminal_ai-0.4.0.dist-info/WHEEL
2026-02-01 06:45:35,102 - INFO - creating '/Users/petter/Desktop/Egnacodinggrejer/terminalai/working-merge-pypi/dist/.tmp-581l0qpx/coaxial_terminal_ai-0.4.0-py3-none-any.whl' and adding 'build/bdist.macosx-26.2-arm64/wheel' to it
2026-02-01 06:45:35,103 - INFO - adding 'coaxial_terminal_ai-0.4.0.dist-info/licenses/LICENSE'
2026-02-01 06:45:35,103 - INFO - adding 'terminalai/__init__.py'
2026-02-01 06:45:35,103 - INFO - adding 'terminalai/ai_providers.py'
2026-02-01 06:45:35,104 - INFO - adding 'terminalai/ai_test_command_extraction.py'
2026-02-01 06:45:35,105 - INFO - adding 'terminalai/cli_interaction.py'
2026-02-01 06:45:35,105 - INFO - adding 'terminalai/clipboard_utils.py'
2026-02-01 06:45:35,106 - INFO - adding 'terminalai/color_utils.py'
2026-02-01 06:45:35,106 - INFO - adding 'terminalai/command_extraction.py'
2026-02-01 06:45:35,106 - INFO - adding 'terminalai/command_utils.py'
2026-02-01 06:45:35,107 - INFO - adding 'terminalai/config.py'
2026-02-01 06:45:35,107 - INFO - adding 'terminalai/file_reader.py'
2026-02-01 06:45:35,107 - INFO - adding 'terminalai/formatting.py'
2026-02-01 06:45:35,108 - INFO - adding 'terminalai/shell_integration.py'
2026-02-01 06:45:35,108 - INFO - adding 'terminalai/terminalai_cli.py'
2026-02-01 06:45:35,109 - INFO - adding 'terminalai/test_command_extraction.py'
2026-02-01 06:45:35,109 - INFO - adding 'coaxial_terminal_ai-0.4.0.dist-info/METADATA'
2026-02-01 06:45:35,109 - INFO - adding 'coaxial_terminal_ai-0.4.0.dist-info/WHEEL'
2026-02-01 06:45:35,109 - INFO - adding 'coaxial_terminal_ai-0.4.0.dist-info/entry_points.txt'
2026-02-01 06:45:35,110 - INFO - adding 'coaxial_terminal_ai-0.4.0.dist-info/top_level.txt'
2026-02-01 06:45:35,110 - INFO - adding 'coaxial_terminal_ai-0.4.0.dist-info/RECORD'
2026-02-01 06:45:35,110 - INFO - removing build/bdist.macosx-26.2-arm64/wheel
2026-02-01 06:45:35,186 - INFO - Successfully built coaxial_terminal_ai-0.4.0.tar.gz and coaxial_terminal_ai-0.4.0-py3-none-any.whl
2026-02-01 06:45:35,265 - INFO - Package built successfully in the 'dist/' directory.
2026-02-01 06:45:35,266 - INFO - 
Publishing package to PyPI...
2026-02-01 06:45:44,661 - INFO - 
$ /Users/petter/.pyenv/versions/3.12.5/bin/python3 -m twine upload --verbose ./dist/coaxial_terminal_ai-0.4.0-py3-none-any.whl ./dist/coaxial_terminal_ai-0.4.0.tar.gz
2026-02-01 06:45:44,661 - WARNING - Note: Verbose upload logs may contain sensitive information. Logs are being sanitized but review them before sharing.
2026-02-01 06:45:44,986 - INFO - Uploading distributions to https://upload.pypi.org/legacy/
2026-02-01 06:45:44,989 - INFO - [34mINFO    [0m ./dist/coaxial_terminal_ai-0.4.0-py3-none-any.whl
2026-02-01 06:45:44,989 - INFO - (51.3 KB)
2026-02-01 06:45:44,994 - INFO - [34mINFO    [0m ./dist/coaxial_terminal_ai-0.4.0.tar.gz (47.0 KB)
2026-02-01 06:45:44,995 - INFO - [34mINFO    [0m username set by command options
2026-02-01 06:45:44,995 - INFO - [34mINFO    [0m password set by command options
2026-02-01 06:45:44,995 - INFO - [34mINFO    [0m username: __token__
2026-02-01 06:45:44,996 - INFO - [34mINFO    [0m password: <hidden>
2026-02-01 06:45:44,996 - INFO - Uploading coaxial_terminal_ai-0.4.0-py3-none-any.whl
2026-02-01 06:45:44,997 - INFO - [?25l
2026-02-01 06:45:45,102 - INFO - [2K[35m  0%[0m [38;5;237mâ”â”â”â”â”â”â”â”â”â”â”â”â”â”â”â”â”â”â”â”â”â”â”â”â”â”â”â”â”â”â”â”â”[0m [32m0.0/62.7 kB[0m â€¢ [36m--:--[0m â€¢ [31m?[0m
2026-02-01 06:45:45,206 - INFO - [2K[35m  0%[0m [38;5;237mâ”â”â”â”â”â”â”â”â”â”â”â”â”â”â”â”â”â”â”â”â”â”â”â”â”â”â”â”â”â”â”â”â”[0m [32m0.0/62.7 kB[0m â€¢ [36m--:--[0m â€¢ [31m?[0m
2026-02-01 06:45:45,312 - INFO - [2K[35m  0%[0m [38;5;237mâ”â”â”â”â”â”â”â”â”â”â”â”â”â”â”â”â”â”â”â”â”â”â”â”â”â”â”â”â”â”â”â”â”[0m [32m0.0/62.7 kB[0m â€¢ [36m--:--[0m â€¢ [31m?[0m
2026-02-01 06:45:45,416 - INFO - [2K[35m100%[0m [38;2;114;156;31mâ”â”â”â”â”â”â”â”â”â”â”â”â”â”â”â”â”â”â”â”â”â”â”[0m [32m62.7/62.7 kB[0m â€¢ [33m00:00[0m â€¢ [31m226.3 MB/s[0m
2026-02-01 06:45:45,522 - INFO - [2K[35m100%[0m [38;2;114;156;31mâ”â”â”â”â”â”â”â”â”â”â”â”â”â”â”â”â”â”â”â”â”â”â”[0m [32m62.7/62.7 kB[0m â€¢ [33m00:00[0m â€¢ [31m226.3 MB/s[0m
2026-02-01 06:45:45,628 - INFO - [2K[35m100%[0m [38;2;114;156;31mâ”â”â”â”â”â”â”â”â”â”â”â”â”â”â”â”â”â”â”â”â”â”â”[0m [32m62.7/62.7 kB[0m â€¢ [33m00:00[0m â€¢ [31m226.3 MB/s[0m
2026-02-01 06:45:45,734 - INFO - [2K[35m100%[0m [38;2;114;156;31mâ”â”â”â”â”â”â”â”â”â”â”â”â”â”â”â”â”â”â”â”â”â”â”[0m [32m62.7/62.7 kB[0m â€¢ [33m00:00[0m â€¢ [31m226.3 MB/s[0m
2026-02-01 06:45:45,837 - INFO - [2K[35m100%[0m [38;2;114;156;31mâ”â”â”â”â”â”â”â”â”â”â”â”â”â”â”â”â”â”â”â”â”â”â”[0m [32m62.7/62.7 kB[0m â€¢ [33m00:00[0m â€¢ [31m226.3 MB/s[0m
2026-02-01 06:45:45,943 - INFO - [2K[35m100%[0m [38;2;114;156;31mâ”â”â”â”â”â”â”â”â”â”â”â”â”â”â”â”â”â”â”â”â”â”â”[0m [32m62.7/62.7 kB[0m â€¢ [33m00:00[0m â€¢ [31m226.3 MB/s[0m
2026-02-01 06:45:46,021 - INFO - [2K[35m100%[0m [38;2;114;156;31mâ”â”â”â”â”â”â”â”â”â”â”â”â”â”â”â”â”â”â”â”â”â”â”[0m [32m62.7/62.7 kB[0m â€¢ [33m00:00[0m â€¢ [31m226.3 MB/s[0m
2026-02-01 06:45:46,021 - INFO - [2K[35m100%[0m [38;2;114;156;31mâ”â”â”â”â”â”â”â”â”â”â”â”â”â”â”â”â”â”â”â”â”â”â”[0m [32m62.7/62.7 kB[0m â€¢ [33m00:00[0m â€¢ [31m226.3 MB/s[0m
2026-02-01 06:45:46,022 - INFO - [?25h[34mINFO    [0m Response from https://upload.pypi.org/legacy/:
2026-02-01 06:45:46,022 - INFO - 400 File already exists
2026-02-01 06:45:46,022 - INFO - ('coaxial_terminal_ai-0.4.0-py3-none-any.whl', with
2026-02-01 06:45:46,022 - INFO - blake2_256 hash
2026-02-01 06:45:46,022 - INFO - '***TOKEN***
2026-02-01 06:45:46,022 - INFO - daff9705e386'). See
2026-02-01 06:45:46,022 - INFO - https://pypi.org/help/#file-name-reuse for more
2026-02-01 06:45:46,022 - INFO - information.
2026-02-01 06:45:46,023 - INFO - [34mINFO    [0m <html>
2026-02-01 06:45:46,023 - INFO - <head>
2026-02-01 06:45:46,023 - INFO - <title>400 File already exists
2026-02-01 06:45:46,023 - INFO - ('coaxial_terminal_ai-0.4.0-py3-none-any.whl', with
2026-02-01 06:45:46,023 - INFO - blake2_256 hash
2026-02-01 06:45:46,023 - INFO - '***TOKEN***
2026-02-01 06:45:46,023 - INFO - daff9705e386'). See
2026-02-01 06:45:46,023 - INFO - https://pypi.org/help/#file-name-reuse for more
2026-02-01 06:45:46,023 - INFO - information.</title>
2026-02-01 06:45:46,023 - INFO - </head>
2026-02-01 06:45:46,023 - INFO - <body>
2026-02-01 06:45:46,023 - INFO - <h1>400 File already exists
2026-02-01 06:45:46,023 - INFO - ('coaxial_terminal_ai-0.4.0-py3-none-any.whl', with
2026-02-01 06:45:46,023 - INFO - blake2_256 hash
2026-02-01 06:45:46,023 - INFO - '***TOKEN***
2026-02-01 06:45:46,023 - INFO - daff9705e386'). See
2026-02-01 06:45:46,024 - INFO - https://pypi.org/help/#file-name-reuse for more
2026-02-01 06:45:46,024 - INFO - information.</h1>
2026-02-01 06:45:46,024 - INFO - The server could not comply with the request since
2026-02-01 06:45:46,024 - INFO - it is either malformed or otherwise
2026-02-01 06:45:46,024 - INFO - incorrect.<br/><br/>
2026-02-01 06:45:46,024 - INFO - File already exists
2026-02-01 06:45:46,024 - INFO - (&#x27;coaxial_terminal_ai-0.4.0-py3-none-any.whl&#x2
2026-02-01 06:45:46,024 - INFO - 7;, with blake2_256 hash
2026-02-01 06:45:46,024 - INFO - &#x27;***TOKEN***
2026-02-01 06:45:46,024 - INFO - 2feccdaff9705e386&#x27;). See
2026-02-01 06:45:46,024 - INFO - https://pypi.org/help/#file-name-reuse for more
2026-02-01 06:45:46,024 - INFO - information.
2026-02-01 06:45:46,024 - INFO - </body>
2026-02-01 06:45:46,024 - INFO - </html>
2026-02-01 06:45:46,024 - INFO - [31mERROR   [0m HTTPError: 400 Bad Request from
2026-02-01 06:45:46,024 - INFO - https://upload.pypi.org/legacy/
2026-02-01 06:45:46,024 - INFO - File already exists
2026-02-01 06:45:46,024 - INFO - ('coaxial_terminal_ai-0.4.0-py3-none-any.whl', with
2026-02-01 06:45:46,024 - INFO - blake2_256 hash
2026-02-01 06:45:46,024 - INFO - '***TOKEN***
2026-02-01 06:45:46,024 - INFO - daff9705e386'). See
2026-02-01 06:45:46,024 - INFO - https://pypi.org/help/#file-name-reuse for more
2026-02-01 06:45:46,024 - INFO - information.
2026-02-01 06:45:46,056 - ERROR - Package upload failed with exit code: 1
2026-02-01 06:45:46,103 - ERROR - Package publishing failed.
2026-02-01 06:45:46,103 - WARNING - 
Exiting with status 1
2026-02-01 06:45:46,103 - INFO - Exiting with status code 1
2026-02-01 06:45:46,103 - INFO - Script execution completed
2026-02-01 06:45:46,103 - INFO - Log file has been written to logs/***TOKEN***.log
