2026-01-31 23:52:43,701 - INFO - Started logging to coaxial-pip-packager_20260131_235243.log
2026-01-31 23:52:43,702 - INFO - Writing logs to ***TOKEN***.log
2026-01-31 23:52:43,702 - INFO - Using specified project path: .
2026-01-31 23:52:43,702 - INFO - Changed working directory to: /Users/petter/Desktop/Egnacodinggrejer/terminalai/working-merge-pypi
2026-01-31 23:52:43,702 - INFO - Searching for current version...
2026-01-31 23:52:43,703 - INFO - Found version '0.3.5' in pyproject.toml
2026-01-31 23:52:43,703 - INFO - Using specified version: 0.3.5
2026-01-31 23:52:43,704 - WARNING - New version is the same as the current version. Nothing to update in files.
2026-01-31 23:52:43,704 - INFO - 
Performing Git operations...
2026-01-31 23:52:43,704 - INFO - 
$ git rev-parse --is-inside-work-tree
2026-01-31 23:52:43,723 - WARNING - No version files were updated. Checking for other git changes...
2026-01-31 23:52:43,724 - INFO - 
$ git status --porcelain
2026-01-31 23:52:43,746 - INFO - 
$ git add .
2026-01-31 23:52:43,770 - INFO - Staged changes.
2026-01-31 23:52:43,770 - INFO - 
$ git commit -m Bump version: 0.3.5 -> 0.3.5
2026-01-31 23:52:43,812 - INFO - Created commit: 'Bump version: 0.3.5 -> 0.3.5'
2026-01-31 23:52:43,813 - INFO - 
$ git rev-parse --abbrev-ref HEAD
2026-01-31 23:52:43,832 - INFO - Current branch: main
2026-01-31 23:52:43,832 - INFO - 
$ git remote get-url origin
2026-01-31 23:52:43,851 - INFO - Original remote URL: https://github.com/coaxialdolor/coaxial-terminal-ai.git
2026-01-31 23:52:43,851 - WARNING - Temporarily setting remote URL with token...
2026-01-31 23:52:43,851 - INFO - 
$ git remote set-url origin https://***:***@github.com/...
2026-01-31 23:52:43,872 - INFO - Pushing to origin/main...
2026-01-31 23:52:43,872 - INFO - 
$ git push origin main
2026-01-31 23:52:45,192 - WARNING - stderr:
2026-01-31 23:52:45,193 - INFO - Push successful!
2026-01-31 23:52:45,193 - WARNING - Resetting remote URL...
2026-01-31 23:52:45,193 - INFO - 
$ git remote set-url origin https://github.com/coaxialdolor/coaxial-terminal-ai.git
2026-01-31 23:52:45,225 - INFO - 
Building package (sdist and wheel)...
2026-01-31 23:52:45,226 - WARNING - Cleaning up old build/dist directories...
2026-01-31 23:52:45,238 - INFO - 
$ /Users/petter/.pyenv/versions/3.12.5/bin/python3 -m build --sdist --wheel .
2026-01-31 23:52:45,348 - INFO - * Creating isolated environment: venv+pip...
2026-01-31 23:52:45,354 - INFO - * Installing packages in isolated environment:
2026-01-31 23:52:46,906 - INFO - - setuptools>=42
2026-01-31 23:52:46,907 - INFO - - wheel
2026-01-31 23:52:46,907 - INFO - * Getting build dependencies for sdist...
2026-01-31 23:52:47,339 - INFO - running egg_info
2026-01-31 23:52:47,341 - INFO - creating coaxial_terminal_ai.egg-info
2026-01-31 23:52:47,341 - INFO - writing coaxial_terminal_ai.egg-info/PKG-INFO
2026-01-31 23:52:47,341 - INFO - writing dependency_links to coaxial_terminal_ai.egg-info/dependency_links.txt
2026-01-31 23:52:47,342 - INFO - writing entry points to coaxial_terminal_ai.egg-info/entry_points.txt
2026-01-31 23:52:47,342 - INFO - writing requirements to coaxial_terminal_ai.egg-info/requires.txt
2026-01-31 23:52:47,342 - INFO - writing top-level names to coaxial_terminal_ai.egg-info/top_level.txt
2026-01-31 23:52:47,342 - INFO - writing manifest file 'coaxial_terminal_ai.egg-info/SOURCES.txt'
2026-01-31 23:52:47,346 - INFO - reading manifest file 'coaxial_terminal_ai.egg-info/SOURCES.txt'
2026-01-31 23:52:47,346 - INFO - adding license file 'LICENSE'
2026-01-31 23:52:47,347 - INFO - writing manifest file 'coaxial_terminal_ai.egg-info/SOURCES.txt'
2026-01-31 23:52:47,367 - INFO - * Building sdist...
2026-01-31 23:52:47,522 - INFO - running sdist
2026-01-31 23:52:47,522 - INFO - running egg_info
2026-01-31 23:52:47,524 - INFO - writing coaxial_terminal_ai.egg-info/PKG-INFO
2026-01-31 23:52:47,524 - INFO - writing dependency_links to coaxial_terminal_ai.egg-info/dependency_links.txt
2026-01-31 23:52:47,524 - INFO - writing entry points to coaxial_terminal_ai.egg-info/entry_points.txt
2026-01-31 23:52:47,525 - INFO - writing requirements to coaxial_terminal_ai.egg-info/requires.txt
2026-01-31 23:52:47,525 - INFO - writing top-level names to coaxial_terminal_ai.egg-info/top_level.txt
2026-01-31 23:52:47,529 - INFO - reading manifest file 'coaxial_terminal_ai.egg-info/SOURCES.txt'
2026-01-31 23:52:47,529 - INFO - adding license file 'LICENSE'
2026-01-31 23:52:47,530 - INFO - writing manifest file 'coaxial_terminal_ai.egg-info/SOURCES.txt'
2026-01-31 23:52:47,530 - INFO - running check
2026-01-31 23:52:47,533 - INFO - creating coaxial_terminal_ai-0.3.5
2026-01-31 23:52:47,533 - INFO - creating coaxial_terminal_ai-0.3.5/coaxial_terminal_ai.egg-info
2026-01-31 23:52:47,533 - INFO - creating coaxial_terminal_ai-0.3.5/terminalai
2026-01-31 23:52:47,534 - INFO - creating coaxial_terminal_ai-0.3.5/tests
2026-01-31 23:52:47,534 - INFO - copying files to coaxial_terminal_ai-0.3.5...
2026-01-31 23:52:47,534 - INFO - copying LICENSE -> coaxial_terminal_ai-0.3.5
2026-01-31 23:52:47,534 - INFO - copying README.md -> coaxial_terminal_ai-0.3.5
2026-01-31 23:52:47,535 - INFO - copying pyproject.toml -> coaxial_terminal_ai-0.3.5
2026-01-31 23:52:47,535 - INFO - copying setup.cfg -> coaxial_terminal_ai-0.3.5
2026-01-31 23:52:47,535 - INFO - copying setup.py -> coaxial_terminal_ai-0.3.5
2026-01-31 23:52:47,536 - INFO - copying coaxial_terminal_ai.egg-info/PKG-INFO -> coaxial_terminal_ai-0.3.5/coaxial_terminal_ai.egg-info
2026-01-31 23:52:47,536 - INFO - copying coaxial_terminal_ai.egg-info/SOURCES.txt -> coaxial_terminal_ai-0.3.5/coaxial_terminal_ai.egg-info
2026-01-31 23:52:47,536 - INFO - copying coaxial_terminal_ai.egg-info/dependency_links.txt -> coaxial_terminal_ai-0.3.5/coaxial_terminal_ai.egg-info
2026-01-31 23:52:47,537 - INFO - copying coaxial_terminal_ai.egg-info/entry_points.txt -> coaxial_terminal_ai-0.3.5/coaxial_terminal_ai.egg-info
2026-01-31 23:52:47,537 - INFO - copying coaxial_terminal_ai.egg-info/requires.txt -> coaxial_terminal_ai-0.3.5/coaxial_terminal_ai.egg-info
2026-01-31 23:52:47,537 - INFO - copying coaxial_terminal_ai.egg-info/top_level.txt -> coaxial_terminal_ai-0.3.5/coaxial_terminal_ai.egg-info
2026-01-31 23:52:47,538 - INFO - copying terminalai/__init__.py -> coaxial_terminal_ai-0.3.5/terminalai
2026-01-31 23:52:47,538 - INFO - copying terminalai/ai_providers.py -> coaxial_terminal_ai-0.3.5/terminalai
2026-01-31 23:52:47,539 - INFO - copying terminalai/ai_test_command_extraction.py -> coaxial_terminal_ai-0.3.5/terminalai
2026-01-31 23:52:47,539 - INFO - copying terminalai/cli_interaction.py -> coaxial_terminal_ai-0.3.5/terminalai
2026-01-31 23:52:47,540 - INFO - copying terminalai/clipboard_utils.py -> coaxial_terminal_ai-0.3.5/terminalai
2026-01-31 23:52:47,541 - INFO - copying terminalai/color_utils.py -> coaxial_terminal_ai-0.3.5/terminalai
2026-01-31 23:52:47,542 - INFO - copying terminalai/command_extraction.py -> coaxial_terminal_ai-0.3.5/terminalai
2026-01-31 23:52:47,543 - INFO - copying terminalai/command_utils.py -> coaxial_terminal_ai-0.3.5/terminalai
2026-01-31 23:52:47,543 - INFO - copying terminalai/config.py -> coaxial_terminal_ai-0.3.5/terminalai
2026-01-31 23:52:47,544 - INFO - copying terminalai/file_reader.py -> coaxial_terminal_ai-0.3.5/terminalai
2026-01-31 23:52:47,544 - INFO - copying terminalai/formatting.py -> coaxial_terminal_ai-0.3.5/terminalai
2026-01-31 23:52:47,545 - INFO - copying terminalai/shell_integration.py -> coaxial_terminal_ai-0.3.5/terminalai
2026-01-31 23:52:47,545 - INFO - copying terminalai/terminalai_cli.py -> coaxial_terminal_ai-0.3.5/terminalai
2026-01-31 23:52:47,546 - INFO - copying terminalai/test_command_extraction.py -> coaxial_terminal_ai-0.3.5/terminalai
2026-01-31 23:52:47,546 - INFO - copying tests/test_command_extraction.py -> coaxial_terminal_ai-0.3.5/tests
2026-01-31 23:52:47,546 - INFO - copying coaxial_terminal_ai.egg-info/SOURCES.txt -> coaxial_terminal_ai-0.3.5/coaxial_terminal_ai.egg-info
2026-01-31 23:52:47,548 - INFO - Writing coaxial_terminal_ai-0.3.5/setup.cfg
2026-01-31 23:52:47,548 - INFO - Creating tar archive
2026-01-31 23:52:47,621 - INFO - removing 'coaxial_terminal_ai-0.3.5' (and everything under it)
2026-01-31 23:52:47,793 - INFO - * Creating isolated environment: venv+pip...
2026-01-31 23:52:47,796 - INFO - * Installing packages in isolated environment:
2026-01-31 23:52:48,746 - INFO - - setuptools>=42
2026-01-31 23:52:48,746 - INFO - - wheel
2026-01-31 23:52:48,746 - INFO - * Getting build dependencies for wheel...
2026-01-31 23:52:49,144 - INFO - running egg_info
2026-01-31 23:52:49,146 - INFO - writing coaxial_terminal_ai.egg-info/PKG-INFO
2026-01-31 23:52:49,146 - INFO - writing dependency_links to coaxial_terminal_ai.egg-info/dependency_links.txt
2026-01-31 23:52:49,147 - INFO - writing entry points to coaxial_terminal_ai.egg-info/entry_points.txt
2026-01-31 23:52:49,147 - INFO - writing requirements to coaxial_terminal_ai.egg-info/requires.txt
2026-01-31 23:52:49,147 - INFO - writing top-level names to coaxial_terminal_ai.egg-info/top_level.txt
2026-01-31 23:52:49,152 - INFO - reading manifest file 'coaxial_terminal_ai.egg-info/SOURCES.txt'
2026-01-31 23:52:49,152 - INFO - adding license file 'LICENSE'
2026-01-31 23:52:49,153 - INFO - writing manifest file 'coaxial_terminal_ai.egg-info/SOURCES.txt'
2026-01-31 23:52:49,172 - INFO - * Building wheel...
2026-01-31 23:52:49,320 - INFO - running bdist_wheel
2026-01-31 23:52:49,324 - INFO - running build
2026-01-31 23:52:49,325 - INFO - running build_py
2026-01-31 23:52:49,326 - INFO - creating build/lib/terminalai
2026-01-31 23:52:49,326 - INFO - copying terminalai/config.py -> build/lib/terminalai
2026-01-31 23:52:49,327 - INFO - copying terminalai/test_command_extraction.py -> build/lib/terminalai
2026-01-31 23:52:49,327 - INFO - copying terminalai/file_reader.py -> build/lib/terminalai
2026-01-31 23:52:49,327 - INFO - copying terminalai/__init__.py -> build/lib/terminalai
2026-01-31 23:52:49,327 - INFO - copying terminalai/command_utils.py -> build/lib/terminalai
2026-01-31 23:52:49,328 - INFO - copying terminalai/formatting.py -> build/lib/terminalai
2026-01-31 23:52:49,328 - INFO - copying terminalai/clipboard_utils.py -> build/lib/terminalai
2026-01-31 23:52:49,328 - INFO - copying terminalai/cli_interaction.py -> build/lib/terminalai
2026-01-31 23:52:49,328 - INFO - copying terminalai/ai_test_command_extraction.py -> build/lib/terminalai
2026-01-31 23:52:49,328 - INFO - copying terminalai/color_utils.py -> build/lib/terminalai
2026-01-31 23:52:49,329 - INFO - copying terminalai/ai_providers.py -> build/lib/terminalai
2026-01-31 23:52:49,329 - INFO - copying terminalai/command_extraction.py -> build/lib/terminalai
2026-01-31 23:52:49,329 - INFO - copying terminalai/shell_integration.py -> build/lib/terminalai
2026-01-31 23:52:49,330 - INFO - copying terminalai/terminalai_cli.py -> build/lib/terminalai
2026-01-31 23:52:49,330 - INFO - running egg_info
2026-01-31 23:52:49,331 - INFO - writing coaxial_terminal_ai.egg-info/PKG-INFO
2026-01-31 23:52:49,332 - INFO - writing dependency_links to coaxial_terminal_ai.egg-info/dependency_links.txt
2026-01-31 23:52:49,332 - INFO - writing entry points to coaxial_terminal_ai.egg-info/entry_points.txt
2026-01-31 23:52:49,333 - INFO - writing requirements to coaxial_terminal_ai.egg-info/requires.txt
2026-01-31 23:52:49,333 - INFO - writing top-level names to coaxial_terminal_ai.egg-info/top_level.txt
2026-01-31 23:52:49,335 - INFO - reading manifest file 'coaxial_terminal_ai.egg-info/SOURCES.txt'
2026-01-31 23:52:49,335 - INFO - adding license file 'LICENSE'
2026-01-31 23:52:49,336 - INFO - writing manifest file 'coaxial_terminal_ai.egg-info/SOURCES.txt'
2026-01-31 23:52:49,338 - INFO - installing to build/bdist.macosx-26.2-arm64/wheel
2026-01-31 23:52:49,338 - INFO - running install
2026-01-31 23:52:49,344 - INFO - running install_lib
2026-01-31 23:52:49,345 - INFO - creating build/bdist.macosx-26.2-arm64/wheel
2026-01-31 23:52:49,345 - INFO - creating build/bdist.macosx-26.2-arm64/wheel/terminalai
2026-01-31 23:52:49,345 - INFO - copying build/lib/terminalai/config.py -> build/bdist.macosx-26.2-arm64/wheel/./terminalai
2026-01-31 23:52:49,345 - INFO - copying build/lib/terminalai/test_command_extraction.py -> build/bdist.macosx-26.2-arm64/wheel/./terminalai
2026-01-31 23:52:49,346 - INFO - copying build/lib/terminalai/file_reader.py -> build/bdist.macosx-26.2-arm64/wheel/./terminalai
2026-01-31 23:52:49,346 - INFO - copying build/lib/terminalai/__init__.py -> build/bdist.macosx-26.2-arm64/wheel/./terminalai
2026-01-31 23:52:49,346 - INFO - copying build/lib/terminalai/command_utils.py -> build/bdist.macosx-26.2-arm64/wheel/./terminalai
2026-01-31 23:52:49,346 - INFO - copying build/lib/terminalai/formatting.py -> build/bdist.macosx-26.2-arm64/wheel/./terminalai
2026-01-31 23:52:49,346 - INFO - copying build/lib/terminalai/clipboard_utils.py -> build/bdist.macosx-26.2-arm64/wheel/./terminalai
2026-01-31 23:52:49,347 - INFO - copying build/lib/terminalai/cli_interaction.py -> build/bdist.macosx-26.2-arm64/wheel/./terminalai
2026-01-31 23:52:49,347 - INFO - copying build/lib/terminalai/ai_test_command_extraction.py -> build/bdist.macosx-26.2-arm64/wheel/./terminalai
2026-01-31 23:52:49,347 - INFO - copying build/lib/terminalai/color_utils.py -> build/bdist.macosx-26.2-arm64/wheel/./terminalai
2026-01-31 23:52:49,348 - INFO - copying build/lib/terminalai/ai_providers.py -> build/bdist.macosx-26.2-arm64/wheel/./terminalai
2026-01-31 23:52:49,348 - INFO - copying build/lib/terminalai/command_extraction.py -> build/bdist.macosx-26.2-arm64/wheel/./terminalai
2026-01-31 23:52:49,348 - INFO - copying build/lib/terminalai/shell_integration.py -> build/bdist.macosx-26.2-arm64/wheel/./terminalai
2026-01-31 23:52:49,348 - INFO - copying build/lib/terminalai/terminalai_cli.py -> build/bdist.macosx-26.2-arm64/wheel/./terminalai
2026-01-31 23:52:49,349 - INFO - running install_egg_info
2026-01-31 23:52:49,350 - INFO - Copying coaxial_terminal_ai.egg-info to build/bdist.macosx-26.2-arm64/wheel/./coaxial_terminal_ai-0.3.5-py3.12.egg-info
2026-01-31 23:52:49,351 - INFO - running install_scripts
2026-01-31 23:52:49,353 - INFO - creating build/bdist.macosx-26.2-arm64/wheel/coaxial_terminal_ai-0.3.5.dist-info/WHEEL
2026-01-31 23:52:49,354 - INFO - creating '/Users/petter/Desktop/Egnacodinggrejer/terminalai/working-merge-pypi/dist/.tmp-s2f2ykmr/coaxial_terminal_ai-0.3.5-py3-none-any.whl' and adding 'build/bdist.macosx-26.2-arm64/wheel' to it
2026-01-31 23:52:49,355 - INFO - adding 'coaxial_terminal_ai-0.3.5.dist-info/licenses/LICENSE'
2026-01-31 23:52:49,355 - INFO - adding 'terminalai/__init__.py'
2026-01-31 23:52:49,355 - INFO - adding 'terminalai/ai_providers.py'
2026-01-31 23:52:49,356 - INFO - adding 'terminalai/ai_test_command_extraction.py'
2026-01-31 23:52:49,357 - INFO - adding 'terminalai/cli_interaction.py'
2026-01-31 23:52:49,357 - INFO - adding 'terminalai/clipboard_utils.py'
2026-01-31 23:52:49,358 - INFO - adding 'terminalai/color_utils.py'
2026-01-31 23:52:49,358 - INFO - adding 'terminalai/command_extraction.py'
2026-01-31 23:52:49,358 - INFO - adding 'terminalai/command_utils.py'
2026-01-31 23:52:49,358 - INFO - adding 'terminalai/config.py'
2026-01-31 23:52:49,359 - INFO - adding 'terminalai/file_reader.py'
2026-01-31 23:52:49,359 - INFO - adding 'terminalai/formatting.py'
2026-01-31 23:52:49,360 - INFO - adding 'terminalai/shell_integration.py'
2026-01-31 23:52:49,360 - INFO - adding 'terminalai/terminalai_cli.py'
2026-01-31 23:52:49,361 - INFO - adding 'terminalai/test_command_extraction.py'
2026-01-31 23:52:49,361 - INFO - adding 'coaxial_terminal_ai-0.3.5.dist-info/METADATA'
2026-01-31 23:52:49,361 - INFO - adding 'coaxial_terminal_ai-0.3.5.dist-info/WHEEL'
2026-01-31 23:52:49,361 - INFO - adding 'coaxial_terminal_ai-0.3.5.dist-info/entry_points.txt'
2026-01-31 23:52:49,361 - INFO - adding 'coaxial_terminal_ai-0.3.5.dist-info/top_level.txt'
2026-01-31 23:52:49,361 - INFO - adding 'coaxial_terminal_ai-0.3.5.dist-info/RECORD'
2026-01-31 23:52:49,362 - INFO - removing build/bdist.macosx-26.2-arm64/wheel
2026-01-31 23:52:49,434 - INFO - Successfully built coaxial_terminal_ai-0.3.5.tar.gz and coaxial_terminal_ai-0.3.5-py3-none-any.whl
2026-01-31 23:52:49,480 - INFO - Package built successfully in the 'dist/' directory.
2026-01-31 23:52:49,480 - INFO - 
Publishing package to PyPI...
2026-01-31 23:52:49,480 - INFO - 
$ /Users/petter/.pyenv/versions/3.12.5/bin/python3 -m twine upload --verbose ./dist/coaxial_terminal_ai-0.3.5.tar.gz ./dist/coaxial_terminal_ai-0.3.5-py3-none-any.whl
2026-01-31 23:52:49,480 - WARNING - Note: Verbose upload logs may contain sensitive information. Logs are being sanitized but review them before sharing.
2026-01-31 23:52:49,819 - INFO - Uploading distributions to https://upload.pypi.org/legacy/
2026-01-31 23:52:49,822 - INFO - [34mINFO    [0m ./dist/coaxial_terminal_ai-0.3.5-py3-none-any.whl (51.3 KB)
2026-01-31 23:52:49,826 - INFO - [34mINFO    [0m ./dist/coaxial_terminal_ai-0.3.5.tar.gz (46.9 KB)
2026-01-31 23:52:49,826 - INFO - [34mINFO    [0m username set by command options
2026-01-31 23:52:49,827 - INFO - [34mINFO    [0m password set by command options
2026-01-31 23:52:49,827 - INFO - [34mINFO    [0m username: __token__
2026-01-31 23:52:49,827 - INFO - [34mINFO    [0m password: <hidden>
2026-01-31 23:52:49,827 - INFO - Uploading coaxial_terminal_ai-0.3.5-py3-none-any.whl
2026-01-31 23:52:49,829 - INFO - [?25l
2026-01-31 23:52:49,934 - INFO - [2K[35m  0%[0m [38;5;237mâ”â”â”â”â”â”â”â”â”â”â”â”â”â”â”â”â”â”â”â”â”â”â”â”â”â”â”â”â”â”â”â”â”â”â”â”â”â”â”â”[0m [32m0.0/62.7 kB[0m â€¢ [36m--:--[0m â€¢ [31m?[0m
2026-01-31 23:52:50,040 - INFO - [2K[35m  0%[0m [38;5;237mâ”â”â”â”â”â”â”â”â”â”â”â”â”â”â”â”â”â”â”â”â”â”â”â”â”â”â”â”â”â”â”â”â”â”â”â”â”â”â”â”[0m [32m0.0/62.7 kB[0m â€¢ [36m--:--[0m â€¢ [31m?[0m
2026-01-31 23:52:50,144 - INFO - [2K[35m  0%[0m [38;5;237mâ”â”â”â”â”â”â”â”â”â”â”â”â”â”â”â”â”â”â”â”â”â”â”â”â”â”â”â”â”â”â”â”â”â”â”â”â”â”â”â”[0m [32m0.0/62.7 kB[0m â€¢ [36m--:--[0m â€¢ [31m?[0m
2026-01-31 23:52:50,250 - INFO - [2K[35m  0%[0m [38;5;237mâ”â”â”â”â”â”â”â”â”â”â”â”â”â”â”â”â”â”â”â”â”â”â”â”â”â”â”â”â”â”â”â”â”â”â”â”â”â”â”â”[0m [32m0.0/62.7 kB[0m â€¢ [36m--:--[0m â€¢ [31m?[0m
2026-01-31 23:52:50,353 - INFO - [2K[35m100%[0m [38;2;114;156;31mâ”â”â”â”â”â”â”â”â”â”â”â”â”â”â”â”â”â”â”â”â”â”â”â”â”â”â”â”â”â”â”â”â”â”â”â”â”â”â”â”[0m [32m62.7/62.7 kB[0m â€¢ [33m00:00[0m â€¢ [31m165.4 MB/s[0m
2026-01-31 23:52:50,459 - INFO - [2K[35m100%[0m [38;2;114;156;31mâ”â”â”â”â”â”â”â”â”â”â”â”â”â”â”â”â”â”â”â”â”â”â”â”â”â”â”â”â”â”â”â”â”â”â”â”â”â”â”â”[0m [32m62.7/62.7 kB[0m â€¢ [33m00:00[0m â€¢ [31m165.4 MB/s[0m
2026-01-31 23:52:50,546 - INFO - [2K[35m100%[0m [38;2;114;156;31mâ”â”â”â”â”â”â”â”â”â”â”â”â”â”â”â”â”â”â”â”â”â”â”â”â”â”â”â”â”â”â”â”â”â”â”â”â”â”â”â”[0m [32m62.7/62.7 kB[0m â€¢ [33m00:00[0m â€¢ [31m165.4 MB/s[0m
2026-01-31 23:52:50,546 - INFO - [2K[35m100%[0m [38;2;114;156;31mâ”â”â”â”â”â”â”â”â”â”â”â”â”â”â”â”â”â”â”â”â”â”â”â”â”â”â”â”â”â”â”â”â”â”â”â”â”â”â”â”[0m [32m62.7/62.7 kB[0m â€¢ [33m00:00[0m â€¢ [31m165.4 MB/s[0m
2026-01-31 23:52:50,546 - INFO - [?25h[34mINFO    [0m Response from https://upload.pypi.org/legacy/:
2026-01-31 23:52:50,547 - INFO - 403 Invalid or non-existent authentication information. See
2026-01-31 23:52:50,547 - INFO - https://pypi.org/help/#invalid-auth for more information.
2026-01-31 23:52:50,547 - INFO - [34mINFO    [0m <html>
2026-01-31 23:52:50,547 - INFO - <head>
2026-01-31 23:52:50,547 - INFO - <title>403 Invalid or non-existent authentication information. See
2026-01-31 23:52:50,547 - INFO - https://pypi.org/help/#invalid-auth for more information.</title>
2026-01-31 23:52:50,547 - INFO - </head>
2026-01-31 23:52:50,547 - INFO - <body>
2026-01-31 23:52:50,547 - INFO - <h1>403 Invalid or non-existent authentication information. See
2026-01-31 23:52:50,547 - INFO - https://pypi.org/help/#invalid-auth for more information.</h1>
2026-01-31 23:52:50,548 - INFO - Access was denied to this resource.<br/><br/>
2026-01-31 23:52:50,548 - INFO - Invalid or non-existent authentication information. See
2026-01-31 23:52:50,548 - INFO - https://pypi.org/help/#invalid-auth for more information.
2026-01-31 23:52:50,548 - INFO - </body>
2026-01-31 23:52:50,548 - INFO - </html>
2026-01-31 23:52:50,548 - INFO - [31mERROR   [0m HTTPError: 403 Forbidden from https://upload.pypi.org/legacy/
2026-01-31 23:52:50,548 - INFO - Invalid or non-existent authentication information. See
2026-01-31 23:52:50,548 - INFO - https://pypi.org/help/#invalid-auth for more information.
2026-01-31 23:52:50,577 - ERROR - Package upload failed with exit code: 1
2026-01-31 23:52:50,620 - ERROR - Package publishing failed.
2026-01-31 23:52:50,620 - WARNING - 
Exiting with status 1
2026-01-31 23:52:50,620 - INFO - Exiting with status code 1
2026-01-31 23:52:50,620 - INFO - Script execution completed
2026-01-31 23:52:50,620 - INFO - Log file has been written to logs/***TOKEN***.log
