2026-01-31 23:38:52,866 - INFO - Started logging to coaxial-pip-packager_20260131_233852.log
2026-01-31 23:38:52,866 - INFO - Writing logs to ***TOKEN***.log
2026-01-31 23:38:52,867 - INFO - Using specified project path: .
2026-01-31 23:38:52,867 - INFO - Changed working directory to: /Users/petter/Desktop/Egnacodinggrejer/terminalai/working-merge-pypi
2026-01-31 23:38:52,867 - INFO - Searching for current version...
2026-01-31 23:38:52,870 - INFO - Found version '0.3.5' in pyproject.toml
2026-01-31 23:38:52,870 - INFO - Using specified version: 0.3.5
2026-01-31 23:38:52,870 - WARNING - New version is the same as the current version. Nothing to update in files.
2026-01-31 23:38:52,871 - INFO - 
Performing Git operations...
2026-01-31 23:38:52,871 - INFO - 
$ git rev-parse --is-inside-work-tree
2026-01-31 23:38:52,901 - WARNING - No version files were updated. Checking for other git changes...
2026-01-31 23:38:52,901 - INFO - 
$ git status --porcelain
2026-01-31 23:38:52,928 - INFO - 
$ git add .
2026-01-31 23:38:52,953 - INFO - Staged changes.
2026-01-31 23:38:52,953 - INFO - 
$ git commit -m Bump version: 0.3.5 -> 0.3.5
2026-01-31 23:38:52,994 - INFO - Created commit: 'Bump version: 0.3.5 -> 0.3.5'
2026-01-31 23:38:52,994 - INFO - 
$ git rev-parse --abbrev-ref HEAD
2026-01-31 23:38:53,014 - INFO - Current branch: main
2026-01-31 23:38:53,014 - INFO - 
$ git remote get-url origin
2026-01-31 23:38:53,034 - INFO - Original remote URL: https://github.com/coaxialdolor/coaxial-terminal-ai.git
2026-01-31 23:38:53,035 - WARNING - Temporarily setting remote URL with token...
2026-01-31 23:38:53,035 - INFO - 
$ git remote set-url origin https://***:***@github.com/...
2026-01-31 23:38:53,069 - INFO - Pushing to origin/main...
2026-01-31 23:38:53,069 - INFO - 
$ git push origin main
2026-01-31 23:38:54,505 - WARNING - stderr:
2026-01-31 23:38:54,505 - INFO - Push successful!
2026-01-31 23:38:54,505 - WARNING - Resetting remote URL...
2026-01-31 23:38:54,505 - INFO - 
$ git remote set-url origin https://github.com/coaxialdolor/coaxial-terminal-ai.git
2026-01-31 23:38:54,527 - INFO - 
Building package (sdist and wheel)...
2026-01-31 23:38:54,527 - WARNING - Cleaning up old build/dist directories...
2026-01-31 23:38:54,543 - INFO - 
$ /Users/petter/.pyenv/versions/3.12.5/bin/python3 -m build --sdist --wheel .
2026-01-31 23:38:54,662 - INFO - * Creating isolated environment: venv+pip...
2026-01-31 23:38:54,672 - INFO - * Installing packages in isolated environment:
2026-01-31 23:38:56,522 - INFO - - setuptools>=42
2026-01-31 23:38:56,522 - INFO - - wheel
2026-01-31 23:38:56,522 - INFO - * Getting build dependencies for sdist...
2026-01-31 23:38:56,936 - INFO - running egg_info
2026-01-31 23:38:56,937 - INFO - creating coaxial_terminal_ai.egg-info
2026-01-31 23:38:56,938 - INFO - writing coaxial_terminal_ai.egg-info/PKG-INFO
2026-01-31 23:38:56,938 - INFO - writing dependency_links to coaxial_terminal_ai.egg-info/dependency_links.txt
2026-01-31 23:38:56,938 - INFO - writing entry points to coaxial_terminal_ai.egg-info/entry_points.txt
2026-01-31 23:38:56,938 - INFO - writing requirements to coaxial_terminal_ai.egg-info/requires.txt
2026-01-31 23:38:56,939 - INFO - writing top-level names to coaxial_terminal_ai.egg-info/top_level.txt
2026-01-31 23:38:56,939 - INFO - writing manifest file 'coaxial_terminal_ai.egg-info/SOURCES.txt'
2026-01-31 23:38:56,942 - INFO - reading manifest file 'coaxial_terminal_ai.egg-info/SOURCES.txt'
2026-01-31 23:38:56,942 - INFO - adding license file 'LICENSE'
2026-01-31 23:38:56,943 - INFO - writing manifest file 'coaxial_terminal_ai.egg-info/SOURCES.txt'
2026-01-31 23:38:56,966 - INFO - * Building sdist...
2026-01-31 23:38:57,128 - INFO - running sdist
2026-01-31 23:38:57,128 - INFO - running egg_info
2026-01-31 23:38:57,130 - INFO - writing coaxial_terminal_ai.egg-info/PKG-INFO
2026-01-31 23:38:57,131 - INFO - writing dependency_links to coaxial_terminal_ai.egg-info/dependency_links.txt
2026-01-31 23:38:57,131 - INFO - writing entry points to coaxial_terminal_ai.egg-info/entry_points.txt
2026-01-31 23:38:57,131 - INFO - writing requirements to coaxial_terminal_ai.egg-info/requires.txt
2026-01-31 23:38:57,131 - INFO - writing top-level names to coaxial_terminal_ai.egg-info/top_level.txt
2026-01-31 23:38:57,135 - INFO - reading manifest file 'coaxial_terminal_ai.egg-info/SOURCES.txt'
2026-01-31 23:38:57,135 - INFO - adding license file 'LICENSE'
2026-01-31 23:38:57,136 - INFO - writing manifest file 'coaxial_terminal_ai.egg-info/SOURCES.txt'
2026-01-31 23:38:57,136 - INFO - running check
2026-01-31 23:38:57,139 - INFO - creating coaxial_terminal_ai-0.3.5
2026-01-31 23:38:57,139 - INFO - creating coaxial_terminal_ai-0.3.5/coaxial_terminal_ai.egg-info
2026-01-31 23:38:57,139 - INFO - creating coaxial_terminal_ai-0.3.5/terminalai
2026-01-31 23:38:57,140 - INFO - creating coaxial_terminal_ai-0.3.5/tests
2026-01-31 23:38:57,140 - INFO - copying files to coaxial_terminal_ai-0.3.5...
2026-01-31 23:38:57,140 - INFO - copying LICENSE -> coaxial_terminal_ai-0.3.5
2026-01-31 23:38:57,140 - INFO - copying README.md -> coaxial_terminal_ai-0.3.5
2026-01-31 23:38:57,141 - INFO - copying pyproject.toml -> coaxial_terminal_ai-0.3.5
2026-01-31 23:38:57,141 - INFO - copying setup.cfg -> coaxial_terminal_ai-0.3.5
2026-01-31 23:38:57,141 - INFO - copying setup.py -> coaxial_terminal_ai-0.3.5
2026-01-31 23:38:57,141 - INFO - copying coaxial_terminal_ai.egg-info/PKG-INFO -> coaxial_terminal_ai-0.3.5/coaxial_terminal_ai.egg-info
2026-01-31 23:38:57,142 - INFO - copying coaxial_terminal_ai.egg-info/SOURCES.txt -> coaxial_terminal_ai-0.3.5/coaxial_terminal_ai.egg-info
2026-01-31 23:38:57,142 - INFO - copying coaxial_terminal_ai.egg-info/dependency_links.txt -> coaxial_terminal_ai-0.3.5/coaxial_terminal_ai.egg-info
2026-01-31 23:38:57,142 - INFO - copying coaxial_terminal_ai.egg-info/entry_points.txt -> coaxial_terminal_ai-0.3.5/coaxial_terminal_ai.egg-info
2026-01-31 23:38:57,142 - INFO - copying coaxial_terminal_ai.egg-info/requires.txt -> coaxial_terminal_ai-0.3.5/coaxial_terminal_ai.egg-info
2026-01-31 23:38:57,142 - INFO - copying coaxial_terminal_ai.egg-info/top_level.txt -> coaxial_terminal_ai-0.3.5/coaxial_terminal_ai.egg-info
2026-01-31 23:38:57,143 - INFO - copying terminalai/__init__.py -> coaxial_terminal_ai-0.3.5/terminalai
2026-01-31 23:38:57,143 - INFO - copying terminalai/ai_providers.py -> coaxial_terminal_ai-0.3.5/terminalai
2026-01-31 23:38:57,143 - INFO - copying terminalai/ai_test_command_extraction.py -> coaxial_terminal_ai-0.3.5/terminalai
2026-01-31 23:38:57,143 - INFO - copying terminalai/cli_interaction.py -> coaxial_terminal_ai-0.3.5/terminalai
2026-01-31 23:38:57,144 - INFO - copying terminalai/clipboard_utils.py -> coaxial_terminal_ai-0.3.5/terminalai
2026-01-31 23:38:57,144 - INFO - copying terminalai/color_utils.py -> coaxial_terminal_ai-0.3.5/terminalai
2026-01-31 23:38:57,144 - INFO - copying terminalai/command_extraction.py -> coaxial_terminal_ai-0.3.5/terminalai
2026-01-31 23:38:57,145 - INFO - copying terminalai/command_utils.py -> coaxial_terminal_ai-0.3.5/terminalai
2026-01-31 23:38:57,145 - INFO - copying terminalai/config.py -> coaxial_terminal_ai-0.3.5/terminalai
2026-01-31 23:38:57,145 - INFO - copying terminalai/file_reader.py -> coaxial_terminal_ai-0.3.5/terminalai
2026-01-31 23:38:57,146 - INFO - copying terminalai/formatting.py -> coaxial_terminal_ai-0.3.5/terminalai
2026-01-31 23:38:57,146 - INFO - copying terminalai/shell_integration.py -> coaxial_terminal_ai-0.3.5/terminalai
2026-01-31 23:38:57,146 - INFO - copying terminalai/terminalai_cli.py -> coaxial_terminal_ai-0.3.5/terminalai
2026-01-31 23:38:57,146 - INFO - copying terminalai/test_command_extraction.py -> coaxial_terminal_ai-0.3.5/terminalai
2026-01-31 23:38:57,147 - INFO - copying tests/test_command_extraction.py -> coaxial_terminal_ai-0.3.5/tests
2026-01-31 23:38:57,147 - INFO - copying coaxial_terminal_ai.egg-info/SOURCES.txt -> coaxial_terminal_ai-0.3.5/coaxial_terminal_ai.egg-info
2026-01-31 23:38:57,148 - INFO - Writing coaxial_terminal_ai-0.3.5/setup.cfg
2026-01-31 23:38:57,148 - INFO - Creating tar archive
2026-01-31 23:38:57,177 - INFO - removing 'coaxial_terminal_ai-0.3.5' (and everything under it)
2026-01-31 23:38:57,517 - INFO - * Creating isolated environment: venv+pip...
2026-01-31 23:38:57,520 - INFO - * Installing packages in isolated environment:
2026-01-31 23:38:59,098 - INFO - - setuptools>=42
2026-01-31 23:38:59,098 - INFO - - wheel
2026-01-31 23:38:59,098 - INFO - * Getting build dependencies for wheel...
2026-01-31 23:38:59,760 - INFO - running egg_info
2026-01-31 23:38:59,764 - INFO - writing coaxial_terminal_ai.egg-info/PKG-INFO
2026-01-31 23:38:59,765 - INFO - writing dependency_links to coaxial_terminal_ai.egg-info/dependency_links.txt
2026-01-31 23:38:59,766 - INFO - writing entry points to coaxial_terminal_ai.egg-info/entry_points.txt
2026-01-31 23:38:59,766 - INFO - writing requirements to coaxial_terminal_ai.egg-info/requires.txt
2026-01-31 23:38:59,767 - INFO - writing top-level names to coaxial_terminal_ai.egg-info/top_level.txt
2026-01-31 23:38:59,772 - INFO - reading manifest file 'coaxial_terminal_ai.egg-info/SOURCES.txt'
2026-01-31 23:38:59,773 - INFO - adding license file 'LICENSE'
2026-01-31 23:38:59,773 - INFO - writing manifest file 'coaxial_terminal_ai.egg-info/SOURCES.txt'
2026-01-31 23:38:59,801 - INFO - * Building wheel...
2026-01-31 23:38:59,978 - INFO - running bdist_wheel
2026-01-31 23:38:59,982 - INFO - running build
2026-01-31 23:38:59,983 - INFO - running build_py
2026-01-31 23:38:59,984 - INFO - creating build/lib/terminalai
2026-01-31 23:38:59,985 - INFO - copying terminalai/config.py -> build/lib/terminalai
2026-01-31 23:38:59,985 - INFO - copying terminalai/test_command_extraction.py -> build/lib/terminalai
2026-01-31 23:38:59,985 - INFO - copying terminalai/file_reader.py -> build/lib/terminalai
2026-01-31 23:38:59,986 - INFO - copying terminalai/__init__.py -> build/lib/terminalai
2026-01-31 23:38:59,986 - INFO - copying terminalai/command_utils.py -> build/lib/terminalai
2026-01-31 23:38:59,986 - INFO - copying terminalai/formatting.py -> build/lib/terminalai
2026-01-31 23:38:59,986 - INFO - copying terminalai/clipboard_utils.py -> build/lib/terminalai
2026-01-31 23:38:59,987 - INFO - copying terminalai/cli_interaction.py -> build/lib/terminalai
2026-01-31 23:38:59,987 - INFO - copying terminalai/ai_test_command_extraction.py -> build/lib/terminalai
2026-01-31 23:38:59,987 - INFO - copying terminalai/color_utils.py -> build/lib/terminalai
2026-01-31 23:38:59,987 - INFO - copying terminalai/ai_providers.py -> build/lib/terminalai
2026-01-31 23:38:59,988 - INFO - copying terminalai/command_extraction.py -> build/lib/terminalai
2026-01-31 23:38:59,988 - INFO - copying terminalai/shell_integration.py -> build/lib/terminalai
2026-01-31 23:38:59,988 - INFO - copying terminalai/terminalai_cli.py -> build/lib/terminalai
2026-01-31 23:38:59,988 - INFO - running egg_info
2026-01-31 23:38:59,990 - INFO - writing coaxial_terminal_ai.egg-info/PKG-INFO
2026-01-31 23:38:59,991 - INFO - writing dependency_links to coaxial_terminal_ai.egg-info/dependency_links.txt
2026-01-31 23:38:59,991 - INFO - writing entry points to coaxial_terminal_ai.egg-info/entry_points.txt
2026-01-31 23:38:59,991 - INFO - writing requirements to coaxial_terminal_ai.egg-info/requires.txt
2026-01-31 23:38:59,991 - INFO - writing top-level names to coaxial_terminal_ai.egg-info/top_level.txt
2026-01-31 23:38:59,994 - INFO - reading manifest file 'coaxial_terminal_ai.egg-info/SOURCES.txt'
2026-01-31 23:38:59,994 - INFO - adding license file 'LICENSE'
2026-01-31 23:38:59,995 - INFO - writing manifest file 'coaxial_terminal_ai.egg-info/SOURCES.txt'
2026-01-31 23:38:59,997 - INFO - installing to build/bdist.macosx-26.2-arm64/wheel
2026-01-31 23:38:59,998 - INFO - running install
2026-01-31 23:39:00,003 - INFO - running install_lib
2026-01-31 23:39:00,004 - INFO - creating build/bdist.macosx-26.2-arm64/wheel
2026-01-31 23:39:00,004 - INFO - creating build/bdist.macosx-26.2-arm64/wheel/terminalai
2026-01-31 23:39:00,005 - INFO - copying build/lib/terminalai/config.py -> build/bdist.macosx-26.2-arm64/wheel/./terminalai
2026-01-31 23:39:00,005 - INFO - copying build/lib/terminalai/test_command_extraction.py -> build/bdist.macosx-26.2-arm64/wheel/./terminalai
2026-01-31 23:39:00,005 - INFO - copying build/lib/terminalai/file_reader.py -> build/bdist.macosx-26.2-arm64/wheel/./terminalai
2026-01-31 23:39:00,005 - INFO - copying build/lib/terminalai/__init__.py -> build/bdist.macosx-26.2-arm64/wheel/./terminalai
2026-01-31 23:39:00,005 - INFO - copying build/lib/terminalai/command_utils.py -> build/bdist.macosx-26.2-arm64/wheel/./terminalai
2026-01-31 23:39:00,006 - INFO - copying build/lib/terminalai/formatting.py -> build/bdist.macosx-26.2-arm64/wheel/./terminalai
2026-01-31 23:39:00,006 - INFO - copying build/lib/terminalai/clipboard_utils.py -> build/bdist.macosx-26.2-arm64/wheel/./terminalai
2026-01-31 23:39:00,006 - INFO - copying build/lib/terminalai/cli_interaction.py -> build/bdist.macosx-26.2-arm64/wheel/./terminalai
2026-01-31 23:39:00,006 - INFO - copying build/lib/terminalai/ai_test_command_extraction.py -> build/bdist.macosx-26.2-arm64/wheel/./terminalai
2026-01-31 23:39:00,007 - INFO - copying build/lib/terminalai/color_utils.py -> build/bdist.macosx-26.2-arm64/wheel/./terminalai
2026-01-31 23:39:00,007 - INFO - copying build/lib/terminalai/ai_providers.py -> build/bdist.macosx-26.2-arm64/wheel/./terminalai
2026-01-31 23:39:00,008 - INFO - copying build/lib/terminalai/command_extraction.py -> build/bdist.macosx-26.2-arm64/wheel/./terminalai
2026-01-31 23:39:00,008 - INFO - copying build/lib/terminalai/shell_integration.py -> build/bdist.macosx-26.2-arm64/wheel/./terminalai
2026-01-31 23:39:00,009 - INFO - copying build/lib/terminalai/terminalai_cli.py -> build/bdist.macosx-26.2-arm64/wheel/./terminalai
2026-01-31 23:39:00,009 - INFO - running install_egg_info
2026-01-31 23:39:00,010 - INFO - Copying coaxial_terminal_ai.egg-info to build/bdist.macosx-26.2-arm64/wheel/./coaxial_terminal_ai-0.3.5-py3.12.egg-info
2026-01-31 23:39:00,013 - INFO - running install_scripts
2026-01-31 23:39:00,017 - INFO - creating build/bdist.macosx-26.2-arm64/wheel/coaxial_terminal_ai-0.3.5.dist-info/WHEEL
2026-01-31 23:39:00,017 - INFO - creating '/Users/petter/Desktop/Egnacodinggrejer/terminalai/working-merge-pypi/dist/.tmp-1vz4ll9w/coaxial_terminal_ai-0.3.5-py3-none-any.whl' and adding 'build/bdist.macosx-26.2-arm64/wheel' to it
2026-01-31 23:39:00,018 - INFO - adding 'coaxial_terminal_ai-0.3.5.dist-info/licenses/LICENSE'
2026-01-31 23:39:00,019 - INFO - adding 'terminalai/__init__.py'
2026-01-31 23:39:00,019 - INFO - adding 'terminalai/ai_providers.py'
2026-01-31 23:39:00,020 - INFO - adding 'terminalai/ai_test_command_extraction.py'
2026-01-31 23:39:00,022 - INFO - adding 'terminalai/cli_interaction.py'
2026-01-31 23:39:00,023 - INFO - adding 'terminalai/clipboard_utils.py'
2026-01-31 23:39:00,023 - INFO - adding 'terminalai/color_utils.py'
2026-01-31 23:39:00,023 - INFO - adding 'terminalai/command_extraction.py'
2026-01-31 23:39:00,024 - INFO - adding 'terminalai/command_utils.py'
2026-01-31 23:39:00,024 - INFO - adding 'terminalai/config.py'
2026-01-31 23:39:00,024 - INFO - adding 'terminalai/file_reader.py'
2026-01-31 23:39:00,024 - INFO - adding 'terminalai/formatting.py'
2026-01-31 23:39:00,025 - INFO - adding 'terminalai/shell_integration.py'
2026-01-31 23:39:00,026 - INFO - adding 'terminalai/terminalai_cli.py'
2026-01-31 23:39:00,026 - INFO - adding 'terminalai/test_command_extraction.py'
2026-01-31 23:39:00,027 - INFO - adding 'coaxial_terminal_ai-0.3.5.dist-info/METADATA'
2026-01-31 23:39:00,027 - INFO - adding 'coaxial_terminal_ai-0.3.5.dist-info/WHEEL'
2026-01-31 23:39:00,027 - INFO - adding 'coaxial_terminal_ai-0.3.5.dist-info/entry_points.txt'
2026-01-31 23:39:00,027 - INFO - adding 'coaxial_terminal_ai-0.3.5.dist-info/top_level.txt'
2026-01-31 23:39:00,027 - INFO - adding 'coaxial_terminal_ai-0.3.5.dist-info/RECORD'
2026-01-31 23:39:00,028 - INFO - removing build/bdist.macosx-26.2-arm64/wheel
2026-01-31 23:39:00,117 - INFO - Successfully built coaxial_terminal_ai-0.3.5.tar.gz and coaxial_terminal_ai-0.3.5-py3-none-any.whl
2026-01-31 23:39:00,208 - INFO - Package built successfully in the 'dist/' directory.
2026-01-31 23:39:00,209 - INFO - 
Publishing package to PyPI...
2026-01-31 23:39:00,209 - INFO - 
$ /Users/petter/.pyenv/versions/3.12.5/bin/python3 -m twine upload --verbose ./dist/coaxial_terminal_ai-0.3.5.tar.gz ./dist/coaxial_terminal_ai-0.3.5-py3-none-any.whl
2026-01-31 23:39:00,209 - WARNING - Note: Verbose upload logs may contain sensitive information. Logs are being sanitized but review them before sharing.
2026-01-31 23:39:00,973 - INFO - Uploading distributions to https://upload.pypi.org/legacy/
2026-01-31 23:39:00,976 - INFO - [34mINFO    [0m ./dist/coaxial_terminal_ai-0.3.5-py3-none-any.whl (51.3 KB)
2026-01-31 23:39:00,982 - INFO - [34mINFO    [0m ./dist/coaxial_terminal_ai-0.3.5.tar.gz (46.9 KB)
2026-01-31 23:39:00,982 - INFO - [34mINFO    [0m username set by command options
2026-01-31 23:39:00,982 - INFO - [34mINFO    [0m password set by command options
2026-01-31 23:39:00,983 - INFO - [34mINFO    [0m username: __token__
2026-01-31 23:39:00,983 - INFO - [34mINFO    [0m password: <hidden>
2026-01-31 23:39:00,983 - INFO - Uploading coaxial_terminal_ai-0.3.5-py3-none-any.whl
2026-01-31 23:39:00,985 - INFO - [?25l
2026-01-31 23:39:01,090 - INFO - [2K[35m  0%[0m [38;5;237mâ”â”â”â”â”â”â”â”â”â”â”â”â”â”â”â”â”â”â”â”â”â”â”â”â”â”â”â”â”â”â”â”â”â”â”â”â”â”â”â”[0m [32m0.0/62.7 kB[0m â€¢ [36m--:--[0m â€¢ [31m?[0m
2026-01-31 23:39:01,196 - INFO - [2K[35m  0%[0m [38;5;237mâ”â”â”â”â”â”â”â”â”â”â”â”â”â”â”â”â”â”â”â”â”â”â”â”â”â”â”â”â”â”â”â”â”â”â”â”â”â”â”â”[0m [32m0.0/62.7 kB[0m â€¢ [36m--:--[0m â€¢ [31m?[0m
2026-01-31 23:39:01,361 - INFO - [2K[35m  0%[0m [38;5;237mâ”â”â”â”â”â”â”â”â”â”â”â”â”â”â”â”â”â”â”â”â”â”â”â”â”â”â”â”â”â”â”â”â”â”â”â”â”â”â”â”[0m [32m0.0/62.7 kB[0m â€¢ [36m--:--[0m â€¢ [31m?[0m
2026-01-31 23:39:01,464 - INFO - [2K[35m100%[0m [38;2;114;156;31mâ”â”â”â”â”â”â”â”â”â”â”â”â”â”â”â”â”â”â”â”â”â”â”â”â”â”â”â”â”â”â”â”â”â”â”â”â”â”â”â”[0m [32m62.7/62.7 kB[0m â€¢ [33m00:00[0m â€¢ [31m5.1 MB/s[0m
2026-01-31 23:39:01,567 - INFO - [2K[35m100%[0m [38;2;114;156;31mâ”â”â”â”â”â”â”â”â”â”â”â”â”â”â”â”â”â”â”â”â”â”â”â”â”â”â”â”â”â”â”â”â”â”â”â”â”â”â”â”[0m [32m62.7/62.7 kB[0m â€¢ [33m00:00[0m â€¢ [31m5.1 MB/s[0m
2026-01-31 23:39:01,673 - INFO - [2K[35m100%[0m [38;2;114;156;31mâ”â”â”â”â”â”â”â”â”â”â”â”â”â”â”â”â”â”â”â”â”â”â”â”â”â”â”â”â”â”â”â”â”â”â”â”â”â”â”â”[0m [32m62.7/62.7 kB[0m â€¢ [33m00:00[0m â€¢ [31m5.1 MB/s[0m
2026-01-31 23:39:01,679 - INFO - [2K[35m100%[0m [38;2;114;156;31mâ”â”â”â”â”â”â”â”â”â”â”â”â”â”â”â”â”â”â”â”â”â”â”â”â”â”â”â”â”â”â”â”â”â”â”â”â”â”â”â”[0m [32m62.7/62.7 kB[0m â€¢ [33m00:00[0m â€¢ [31m5.1 MB/s[0m
2026-01-31 23:39:01,679 - INFO - [2K[35m100%[0m [38;2;114;156;31mâ”â”â”â”â”â”â”â”â”â”â”â”â”â”â”â”â”â”â”â”â”â”â”â”â”â”â”â”â”â”â”â”â”â”â”â”â”â”â”â”[0m [32m62.7/62.7 kB[0m â€¢ [33m00:00[0m â€¢ [31m5.1 MB/s[0m
2026-01-31 23:39:01,681 - INFO - [?25h[34mINFO    [0m Response from https://upload.pypi.org/legacy/:
2026-01-31 23:39:01,681 - INFO - 403 Invalid or non-existent authentication information. See
2026-01-31 23:39:01,681 - INFO - https://pypi.org/help/#invalid-auth for more information.
2026-01-31 23:39:01,681 - INFO - [34mINFO    [0m <html>
2026-01-31 23:39:01,682 - INFO - <head>
2026-01-31 23:39:01,682 - INFO - <title>403 Invalid or non-existent authentication information. See
2026-01-31 23:39:01,682 - INFO - https://pypi.org/help/#invalid-auth for more information.</title>
2026-01-31 23:39:01,682 - INFO - </head>
2026-01-31 23:39:01,682 - INFO - <body>
2026-01-31 23:39:01,682 - INFO - <h1>403 Invalid or non-existent authentication information. See
2026-01-31 23:39:01,682 - INFO - https://pypi.org/help/#invalid-auth for more information.</h1>
2026-01-31 23:39:01,682 - INFO - Access was denied to this resource.<br/><br/>
2026-01-31 23:39:01,683 - INFO - Invalid or non-existent authentication information. See
2026-01-31 23:39:01,683 - INFO - https://pypi.org/help/#invalid-auth for more information.
2026-01-31 23:39:01,683 - INFO - </body>
2026-01-31 23:39:01,683 - INFO - </html>
2026-01-31 23:39:01,683 - INFO - [31mERROR   [0m HTTPError: 403 Forbidden from https://upload.pypi.org/legacy/
2026-01-31 23:39:01,683 - INFO - Invalid or non-existent authentication information. See
2026-01-31 23:39:01,683 - INFO - https://pypi.org/help/#invalid-auth for more information.
2026-01-31 23:39:01,725 - ERROR - Package upload failed with exit code: 1
2026-01-31 23:39:01,799 - ERROR - Package publishing failed.
2026-01-31 23:39:01,799 - WARNING - 
Exiting with status 1
2026-01-31 23:39:01,799 - INFO - Exiting with status code 1
2026-01-31 23:39:01,799 - INFO - Script execution completed
2026-01-31 23:39:01,799 - INFO - Log file has been written to logs/***TOKEN***.log
